Jan 06 14:38:25 archlinux kernel: Linux version 6.1.2-zen1-1-zen (linux-zen@archlinux) (gcc (GCC) 12.2.0, GNU ld (GNU Binutils) 2.39.0) #1 ZEN SMP PREEMPT_DYNAMIC Sat, 31 Dec 2022 17:40:33 +0000
Jan 06 14:38:25 archlinux kernel: Command line: rd.luks.name=d5a148a4-a3ec-46ba-8bc8-f1f889902c04=luks rd.luks.options=discard root=/dev/mapper/luks rootflags=subvol=@ rd.luks.options=discard rw add_efi_memmap initrd=amd-ucode.img initrd=initramfs-linux-zen.img
Jan 06 14:38:25 archlinux kernel: x86/fpu: Supporting XSAVE feature 0x001: 'x87 floating point registers'
Jan 06 14:38:25 archlinux kernel: x86/fpu: Supporting XSAVE feature 0x002: 'SSE registers'
Jan 06 14:38:25 archlinux kernel: x86/fpu: Supporting XSAVE feature 0x004: 'AVX registers'
Jan 06 14:38:25 archlinux kernel: x86/fpu: Supporting XSAVE feature 0x200: 'Protection Keys User registers'
Jan 06 14:38:25 archlinux kernel: x86/fpu: xstate_offset[2]:  576, xstate_sizes[2]:  256
Jan 06 14:38:25 archlinux kernel: x86/fpu: xstate_offset[9]:  832, xstate_sizes[9]:    8
Jan 06 14:38:25 archlinux kernel: x86/fpu: Enabled xstate features 0x207, context size is 840 bytes, using 'compacted' format.
Jan 06 14:38:25 archlinux kernel: signal: max sigframe size: 3376
Jan 06 14:38:25 archlinux kernel: BIOS-provided physical RAM map:
Jan 06 14:38:25 archlinux kernel: BIOS-e820: [mem 0x0000000000000000-0x000000000009ffff] usable
Jan 06 14:38:25 archlinux kernel: BIOS-e820: [mem 0x00000000000a0000-0x00000000000fffff] reserved
Jan 06 14:38:25 archlinux kernel: BIOS-e820: [mem 0x0000000000100000-0x0000000009bfefff] usable
Jan 06 14:38:25 archlinux kernel: BIOS-e820: [mem 0x0000000009bff000-0x0000000009ffffff] reserved
Jan 06 14:38:25 archlinux kernel: BIOS-e820: [mem 0x000000000a000000-0x000000000a1fffff] usable
Jan 06 14:38:25 archlinux kernel: BIOS-e820: [mem 0x000000000a200000-0x000000000a20dfff] ACPI NVS
Jan 06 14:38:25 archlinux kernel: BIOS-e820: [mem 0x000000000a20e000-0x000000000affffff] usable
Jan 06 14:38:25 archlinux kernel: BIOS-e820: [mem 0x000000000b000000-0x000000000b01ffff] reserved
Jan 06 14:38:25 archlinux kernel: BIOS-e820: [mem 0x000000000b020000-0x00000000ca0e5fff] usable
Jan 06 14:38:25 archlinux kernel: BIOS-e820: [mem 0x00000000ca0e6000-0x00000000ca4ecfff] reserved
Jan 06 14:38:25 archlinux kernel: BIOS-e820: [mem 0x00000000ca4ed000-0x00000000ca538fff] ACPI data
Jan 06 14:38:25 archlinux kernel: BIOS-e820: [mem 0x00000000ca539000-0x00000000cac54fff] ACPI NVS
Jan 06 14:38:25 archlinux kernel: BIOS-e820: [mem 0x00000000cac55000-0x00000000cbbfefff] reserved
Jan 06 14:38:25 archlinux kernel: BIOS-e820: [mem 0x00000000cbbff000-0x00000000ccffffff] usable
Jan 06 14:38:25 archlinux kernel: BIOS-e820: [mem 0x00000000cd000000-0x00000000cfffffff] reserved
Jan 06 14:38:25 archlinux kernel: BIOS-e820: [mem 0x00000000f8000000-0x00000000fbffffff] reserved
Jan 06 14:38:25 archlinux kernel: BIOS-e820: [mem 0x00000000fd200000-0x00000000fd2fffff] reserved
Jan 06 14:38:25 archlinux kernel: BIOS-e820: [mem 0x00000000fd600000-0x00000000fd7fffff] reserved
Jan 06 14:38:25 archlinux kernel: BIOS-e820: [mem 0x00000000fea00000-0x00000000fea0ffff] reserved
Jan 06 14:38:25 archlinux kernel: BIOS-e820: [mem 0x00000000feb80000-0x00000000fec01fff] reserved
Jan 06 14:38:25 archlinux kernel: BIOS-e820: [mem 0x00000000fec10000-0x00000000fec10fff] reserved
Jan 06 14:38:25 archlinux kernel: BIOS-e820: [mem 0x00000000fec30000-0x00000000fec30fff] reserved
Jan 06 14:38:25 archlinux kernel: BIOS-e820: [mem 0x00000000fed00000-0x00000000fed00fff] reserved
Jan 06 14:38:25 archlinux kernel: BIOS-e820: [mem 0x00000000fed40000-0x00000000fed44fff] reserved
Jan 06 14:38:25 archlinux kernel: BIOS-e820: [mem 0x00000000fed80000-0x00000000fed8ffff] reserved
Jan 06 14:38:25 archlinux kernel: BIOS-e820: [mem 0x00000000fedc2000-0x00000000fedcffff] reserved
Jan 06 14:38:25 archlinux kernel: BIOS-e820: [mem 0x00000000fedd4000-0x00000000fedd5fff] reserved
Jan 06 14:38:25 archlinux kernel: BIOS-e820: [mem 0x00000000ff000000-0x00000000ffffffff] reserved
Jan 06 14:38:25 archlinux kernel: BIOS-e820: [mem 0x0000000100000000-0x000000102f2fffff] usable
Jan 06 14:38:25 archlinux kernel: BIOS-e820: [mem 0x000000102f300000-0x000000102fffffff] reserved
Jan 06 14:38:25 archlinux kernel: NX (Execute Disable) protection: active
Jan 06 14:38:25 archlinux kernel: e820: update [mem 0xbd343018-0xbd354057] usable ==> usable
Jan 06 14:38:25 archlinux kernel: e820: update [mem 0xbd343018-0xbd354057] usable ==> usable
Jan 06 14:38:25 archlinux kernel: e820: update [mem 0xbd2a3018-0xbd2c0c57] usable ==> usable
Jan 06 14:38:25 archlinux kernel: e820: update [mem 0xbd2a3018-0xbd2c0c57] usable ==> usable
Jan 06 14:38:25 archlinux kernel: extended physical RAM map:
Jan 06 14:38:25 archlinux kernel: reserve setup_data: [mem 0x0000000000000000-0x000000000009ffff] usable
Jan 06 14:38:25 archlinux kernel: reserve setup_data: [mem 0x00000000000a0000-0x00000000000fffff] reserved
Jan 06 14:38:25 archlinux kernel: reserve setup_data: [mem 0x0000000000100000-0x0000000009bfefff] usable
Jan 06 14:38:25 archlinux kernel: reserve setup_data: [mem 0x0000000009bff000-0x0000000009ffffff] reserved
Jan 06 14:38:25 archlinux kernel: reserve setup_data: [mem 0x000000000a000000-0x000000000a1fffff] usable
Jan 06 14:38:25 archlinux kernel: reserve setup_data: [mem 0x000000000a200000-0x000000000a20dfff] ACPI NVS
Jan 06 14:38:25 archlinux kernel: reserve setup_data: [mem 0x000000000a20e000-0x000000000affffff] usable
Jan 06 14:38:25 archlinux kernel: reserve setup_data: [mem 0x000000000b000000-0x000000000b01ffff] reserved
Jan 06 14:38:25 archlinux kernel: reserve setup_data: [mem 0x000000000b020000-0x00000000bd2a3017] usable
Jan 06 14:38:25 archlinux kernel: reserve setup_data: [mem 0x00000000bd2a3018-0x00000000bd2c0c57] usable
Jan 06 14:38:25 archlinux kernel: reserve setup_data: [mem 0x00000000bd2c0c58-0x00000000bd343017] usable
Jan 06 14:38:25 archlinux kernel: reserve setup_data: [mem 0x00000000bd343018-0x00000000bd354057] usable
Jan 06 14:38:25 archlinux kernel: reserve setup_data: [mem 0x00000000bd354058-0x00000000ca0e5fff] usable
Jan 06 14:38:25 archlinux kernel: reserve setup_data: [mem 0x00000000ca0e6000-0x00000000ca4ecfff] reserved
Jan 06 14:38:25 archlinux kernel: reserve setup_data: [mem 0x00000000ca4ed000-0x00000000ca538fff] ACPI data
Jan 06 14:38:25 archlinux kernel: reserve setup_data: [mem 0x00000000ca539000-0x00000000cac54fff] ACPI NVS
Jan 06 14:38:25 archlinux kernel: reserve setup_data: [mem 0x00000000cac55000-0x00000000cbbfefff] reserved
Jan 06 14:38:25 archlinux kernel: reserve setup_data: [mem 0x00000000cbbff000-0x00000000ccffffff] usable
Jan 06 14:38:25 archlinux kernel: reserve setup_data: [mem 0x00000000cd000000-0x00000000cfffffff] reserved
Jan 06 14:38:25 archlinux kernel: reserve setup_data: [mem 0x00000000f8000000-0x00000000fbffffff] reserved
Jan 06 14:38:25 archlinux kernel: reserve setup_data: [mem 0x00000000fd200000-0x00000000fd2fffff] reserved
Jan 06 14:38:25 archlinux kernel: reserve setup_data: [mem 0x00000000fd600000-0x00000000fd7fffff] reserved
Jan 06 14:38:25 archlinux kernel: reserve setup_data: [mem 0x00000000fea00000-0x00000000fea0ffff] reserved
Jan 06 14:38:25 archlinux kernel: reserve setup_data: [mem 0x00000000feb80000-0x00000000fec01fff] reserved
Jan 06 14:38:25 archlinux kernel: reserve setup_data: [mem 0x00000000fec10000-0x00000000fec10fff] reserved
Jan 06 14:38:25 archlinux kernel: reserve setup_data: [mem 0x00000000fec30000-0x00000000fec30fff] reserved
Jan 06 14:38:25 archlinux kernel: reserve setup_data: [mem 0x00000000fed00000-0x00000000fed00fff] reserved
Jan 06 14:38:25 archlinux kernel: reserve setup_data: [mem 0x00000000fed40000-0x00000000fed44fff] reserved
Jan 06 14:38:25 archlinux kernel: reserve setup_data: [mem 0x00000000fed80000-0x00000000fed8ffff] reserved
Jan 06 14:38:25 archlinux kernel: reserve setup_data: [mem 0x00000000fedc2000-0x00000000fedcffff] reserved
Jan 06 14:38:25 archlinux kernel: reserve setup_data: [mem 0x00000000fedd4000-0x00000000fedd5fff] reserved
Jan 06 14:38:25 archlinux kernel: reserve setup_data: [mem 0x00000000ff000000-0x00000000ffffffff] reserved
Jan 06 14:38:25 archlinux kernel: reserve setup_data: [mem 0x0000000100000000-0x000000102f2fffff] usable
Jan 06 14:38:25 archlinux kernel: reserve setup_data: [mem 0x000000102f300000-0x000000102fffffff] reserved
Jan 06 14:38:25 archlinux kernel: efi: EFI v2.70 by American Megatrends
Jan 06 14:38:25 archlinux kernel: efi: ACPI=0xca538000 ACPI 2.0=0xca538014 TPMFinalLog=0xcac0a000 SMBIOS=0xcb9fa000 SMBIOS 3.0=0xcb9f9000 MEMATTR=0xc67d4018 ESRT=0xc6826c18 INITRD=0xbd685f18 RNG=0xca513c18 TPMEventLog=0xbd634018 
Jan 06 14:38:25 archlinux kernel: efi: seeding entropy pool
Jan 06 14:38:25 archlinux kernel: random: crng init done
Jan 06 14:38:25 archlinux kernel: SMBIOS 3.3.0 present.
Jan 06 14:38:25 archlinux kernel: DMI: System manufacturer System Product Name/PRIME X470-PRO, BIOS 6024 02/25/2022
Jan 06 14:38:25 archlinux kernel: tsc: Fast TSC calibration using PIT
Jan 06 14:38:25 archlinux kernel: tsc: Detected 3399.692 MHz processor
Jan 06 14:38:25 archlinux kernel: e820: update [mem 0x00000000-0x00000fff] usable ==> reserved
Jan 06 14:38:25 archlinux kernel: e820: remove [mem 0x000a0000-0x000fffff] usable
Jan 06 14:38:25 archlinux kernel: last_pfn = 0x102f300 max_arch_pfn = 0x400000000
Jan 06 14:38:25 archlinux kernel: x86/PAT: Configuration [0-7]: WB  WC  UC- UC  WB  WP  UC- WT  
Jan 06 14:38:25 archlinux kernel: total RAM covered: 3327M
Jan 06 14:38:25 archlinux kernel: Found optimal setting for mtrr clean up
Jan 06 14:38:25 archlinux kernel:  gran_size: 64K         chunk_size: 128M         num_reg: 4          lose cover RAM: 0G
Jan 06 14:38:25 archlinux kernel: e820: update [mem 0xca6b0000-0xca6bffff] usable ==> reserved
Jan 06 14:38:25 archlinux kernel: e820: update [mem 0xd0000000-0xffffffff] usable ==> reserved
Jan 06 14:38:25 archlinux kernel: last_pfn = 0xcd000 max_arch_pfn = 0x400000000
Jan 06 14:38:25 archlinux kernel: esrt: Reserving ESRT space from 0x00000000c6826c18 to 0x00000000c6826c50.
Jan 06 14:38:25 archlinux kernel: e820: update [mem 0xc6826000-0xc6826fff] usable ==> reserved
Jan 06 14:38:25 archlinux kernel: Using GB pages for direct mapping
Jan 06 14:38:25 archlinux kernel: Secure boot disabled
Jan 06 14:38:25 archlinux kernel: RAMDISK: [mem 0x7f126000-0x7fff2fff]
Jan 06 14:38:25 archlinux kernel: ACPI: Early table checksum verification disabled
Jan 06 14:38:25 archlinux kernel: ACPI: RSDP 0x00000000CA538014 000024 (v02 ALASKA)
Jan 06 14:38:25 archlinux kernel: ACPI: XSDT 0x00000000CA537728 0000B4 (v01 ALASKA A M I    01072009 AMI  01000013)
Jan 06 14:38:25 archlinux kernel: ACPI: FACP 0x00000000CA528000 000114 (v06 ALASKA A M I    01072009 AMI  00010013)
Jan 06 14:38:25 archlinux kernel: ACPI: DSDT 0x00000000CA518000 00F3F2 (v02 ALASKA A M I    01072009 INTL 20120913)
Jan 06 14:38:25 archlinux kernel: ACPI: FACS 0x00000000CAC3A000 000040
Jan 06 14:38:25 archlinux kernel: ACPI: SSDT 0x00000000CA52E000 008CE9 (v02 AMD    AmdTable 00000002 MSFT 04000000)
Jan 06 14:38:25 archlinux kernel: ACPI: SSDT 0x00000000CA52A000 003C40 (v01 AMD    AMD AOD  00000001 INTL 20120913)
Jan 06 14:38:25 archlinux kernel: ACPI: SSDT 0x00000000CA529000 0001CC (v02 ALASKA CPUSSDT  01072009 AMI  01072009)
Jan 06 14:38:25 archlinux kernel: ACPI: FIDT 0x00000000CA517000 00009C (v01 ALASKA A M I    01072009 AMI  00010013)
Jan 06 14:38:25 archlinux kernel: ACPI: FPDT 0x00000000CA4FC000 000044 (v01 ALASKA A M I    01072009 AMI  01000013)
Jan 06 14:38:25 archlinux kernel: ACPI: MCFG 0x00000000CA515000 00003C (v01 ALASKA A M I    01072009 MSFT 00010013)
Jan 06 14:38:25 archlinux kernel: ACPI: HPET 0x00000000CA514000 000038 (v01 ALASKA A M I    01072009 AMI  00000005)
Jan 06 14:38:25 archlinux kernel: ACPI: IVRS 0x00000000CA512000 0000D0 (v02 AMD    AmdTable 00000001 AMD  00000001)
Jan 06 14:38:25 archlinux kernel: ACPI: BGRT 0x00000000CA511000 000038 (v01 ALASKA A M I    01072009 AMI  00010013)
Jan 06 14:38:25 archlinux kernel: ACPI: TPM2 0x00000000CA510000 00004C (v03 ALASKA A M I    00000001 AMI  00000000)
Jan 06 14:38:25 archlinux kernel: ACPI: PCCT 0x00000000CA50F000 00006E (v02 AMD    AmdTable 00000001 AMD  00000001)
Jan 06 14:38:25 archlinux kernel: ACPI: SSDT 0x00000000CA506000 008033 (v02 AMD    AmdTable 00000001 AMD  00000001)
Jan 06 14:38:25 archlinux kernel: ACPI: CRAT 0x00000000CA504000 001698 (v01 AMD    AmdTable 00000001 AMD  00000001)
Jan 06 14:38:25 archlinux kernel: ACPI: CDIT 0x00000000CA503000 000029 (v01 AMD    AmdTable 00000001 AMD  00000001)
Jan 06 14:38:25 archlinux kernel: ACPI: SSDT 0x00000000CA4FF000 0037B0 (v01 AMD    MYRTLE   00000001 INTL 20120913)
Jan 06 14:38:25 archlinux kernel: ACPI: SSDT 0x00000000CA4FE000 0000BF (v01 AMD    AmdTable 00001000 INTL 20120913)
Jan 06 14:38:25 archlinux kernel: ACPI: APIC 0x00000000CA4FD000 00015E (v03 ALASKA A M I    01072009 AMI  00010013)
Jan 06 14:38:25 archlinux kernel: ACPI: Reserving FACP table memory at [mem 0xca528000-0xca528113]
Jan 06 14:38:25 archlinux kernel: ACPI: Reserving DSDT table memory at [mem 0xca518000-0xca5273f1]
Jan 06 14:38:25 archlinux kernel: ACPI: Reserving FACS table memory at [mem 0xcac3a000-0xcac3a03f]
Jan 06 14:38:25 archlinux kernel: ACPI: Reserving SSDT table memory at [mem 0xca52e000-0xca536ce8]
Jan 06 14:38:25 archlinux kernel: ACPI: Reserving SSDT table memory at [mem 0xca52a000-0xca52dc3f]
Jan 06 14:38:25 archlinux kernel: ACPI: Reserving SSDT table memory at [mem 0xca529000-0xca5291cb]
Jan 06 14:38:25 archlinux kernel: ACPI: Reserving FIDT table memory at [mem 0xca517000-0xca51709b]
Jan 06 14:38:25 archlinux kernel: ACPI: Reserving FPDT table memory at [mem 0xca4fc000-0xca4fc043]
Jan 06 14:38:25 archlinux kernel: ACPI: Reserving MCFG table memory at [mem 0xca515000-0xca51503b]
Jan 06 14:38:25 archlinux kernel: ACPI: Reserving HPET table memory at [mem 0xca514000-0xca514037]
Jan 06 14:38:25 archlinux kernel: ACPI: Reserving IVRS table memory at [mem 0xca512000-0xca5120cf]
Jan 06 14:38:25 archlinux kernel: ACPI: Reserving BGRT table memory at [mem 0xca511000-0xca511037]
Jan 06 14:38:25 archlinux kernel: ACPI: Reserving TPM2 table memory at [mem 0xca510000-0xca51004b]
Jan 06 14:38:25 archlinux kernel: ACPI: Reserving PCCT table memory at [mem 0xca50f000-0xca50f06d]
Jan 06 14:38:25 archlinux kernel: ACPI: Reserving SSDT table memory at [mem 0xca506000-0xca50e032]
Jan 06 14:38:25 archlinux kernel: ACPI: Reserving CRAT table memory at [mem 0xca504000-0xca505697]
Jan 06 14:38:25 archlinux kernel: ACPI: Reserving CDIT table memory at [mem 0xca503000-0xca503028]
Jan 06 14:38:25 archlinux kernel: ACPI: Reserving SSDT table memory at [mem 0xca4ff000-0xca5027af]
Jan 06 14:38:25 archlinux kernel: ACPI: Reserving SSDT table memory at [mem 0xca4fe000-0xca4fe0be]
Jan 06 14:38:25 archlinux kernel: ACPI: Reserving APIC table memory at [mem 0xca4fd000-0xca4fd15d]
Jan 06 14:38:25 archlinux kernel: No NUMA configuration found
Jan 06 14:38:25 archlinux kernel: Faking a node at [mem 0x0000000000000000-0x000000102f2fffff]
Jan 06 14:38:25 archlinux kernel: NODE_DATA(0) allocated [mem 0x102f2fb000-0x102f2fffff]
Jan 06 14:38:25 archlinux kernel: Zone ranges:
Jan 06 14:38:25 archlinux kernel:   DMA      [mem 0x0000000000001000-0x0000000000ffffff]
Jan 06 14:38:25 archlinux kernel:   DMA32    [mem 0x0000000001000000-0x00000000ffffffff]
Jan 06 14:38:25 archlinux kernel:   Normal   [mem 0x0000000100000000-0x000000102f2fffff]
Jan 06 14:38:25 archlinux kernel:   Device   empty
Jan 06 14:38:25 archlinux kernel: Movable zone start for each node
Jan 06 14:38:25 archlinux kernel: Early memory node ranges
Jan 06 14:38:25 archlinux kernel:   node   0: [mem 0x0000000000001000-0x000000000009ffff]
Jan 06 14:38:25 archlinux kernel:   node   0: [mem 0x0000000000100000-0x0000000009bfefff]
Jan 06 14:38:25 archlinux kernel:   node   0: [mem 0x000000000a000000-0x000000000a1fffff]
Jan 06 14:38:25 archlinux kernel:   node   0: [mem 0x000000000a20e000-0x000000000affffff]
Jan 06 14:38:25 archlinux kernel:   node   0: [mem 0x000000000b020000-0x00000000ca0e5fff]
Jan 06 14:38:25 archlinux kernel:   node   0: [mem 0x00000000cbbff000-0x00000000ccffffff]
Jan 06 14:38:25 archlinux kernel:   node   0: [mem 0x0000000100000000-0x000000102f2fffff]
Jan 06 14:38:25 archlinux kernel: Initmem setup node 0 [mem 0x0000000000001000-0x000000102f2fffff]
Jan 06 14:38:25 archlinux kernel: On node 0, zone DMA: 1 pages in unavailable ranges
Jan 06 14:38:25 archlinux kernel: On node 0, zone DMA: 96 pages in unavailable ranges
Jan 06 14:38:25 archlinux kernel: On node 0, zone DMA32: 1025 pages in unavailable ranges
Jan 06 14:38:25 archlinux kernel: On node 0, zone DMA32: 14 pages in unavailable ranges
Jan 06 14:38:25 archlinux kernel: On node 0, zone DMA32: 32 pages in unavailable ranges
Jan 06 14:38:25 archlinux kernel: On node 0, zone DMA32: 6937 pages in unavailable ranges
Jan 06 14:38:25 archlinux kernel: On node 0, zone Normal: 12288 pages in unavailable ranges
Jan 06 14:38:25 archlinux kernel: On node 0, zone Normal: 3328 pages in unavailable ranges
Jan 06 14:38:25 archlinux kernel: ACPI: PM-Timer IO Port: 0x808
Jan 06 14:38:25 archlinux kernel: ACPI: LAPIC_NMI (acpi_id[0xff] high edge lint[0x1])
Jan 06 14:38:25 archlinux kernel: IOAPIC[0]: apic_id 33, version 33, address 0xfec00000, GSI 0-23
Jan 06 14:38:25 archlinux kernel: IOAPIC[1]: apic_id 34, version 33, address 0xfec01000, GSI 24-55
Jan 06 14:38:25 archlinux kernel: ACPI: INT_SRC_OVR (bus 0 bus_irq 0 global_irq 2 dfl dfl)
Jan 06 14:38:25 archlinux kernel: ACPI: INT_SRC_OVR (bus 0 bus_irq 9 global_irq 9 low level)
Jan 06 14:38:25 archlinux kernel: ACPI: Using ACPI (MADT) for SMP configuration information
Jan 06 14:38:25 archlinux kernel: ACPI: HPET id: 0x10228201 base: 0xfed00000
Jan 06 14:38:25 archlinux kernel: e820: update [mem 0xc3d9d000-0xc4169fff] usable ==> reserved
Jan 06 14:38:25 archlinux kernel: smpboot: Allowing 32 CPUs, 0 hotplug CPUs
Jan 06 14:38:25 archlinux kernel: PM: hibernation: Registered nosave memory: [mem 0x00000000-0x00000fff]
Jan 06 14:38:25 archlinux kernel: PM: hibernation: Registered nosave memory: [mem 0x000a0000-0x000fffff]
Jan 06 14:38:25 archlinux kernel: PM: hibernation: Registered nosave memory: [mem 0x09bff000-0x09ffffff]
Jan 06 14:38:25 archlinux kernel: PM: hibernation: Registered nosave memory: [mem 0x0a200000-0x0a20dfff]
Jan 06 14:38:25 archlinux kernel: PM: hibernation: Registered nosave memory: [mem 0x0b000000-0x0b01ffff]
Jan 06 14:38:25 archlinux kernel: PM: hibernation: Registered nosave memory: [mem 0xbd2a3000-0xbd2a3fff]
Jan 06 14:38:25 archlinux kernel: PM: hibernation: Registered nosave memory: [mem 0xbd2c0000-0xbd2c0fff]
Jan 06 14:38:25 archlinux kernel: PM: hibernation: Registered nosave memory: [mem 0xbd343000-0xbd343fff]
Jan 06 14:38:25 archlinux kernel: PM: hibernation: Registered nosave memory: [mem 0xbd354000-0xbd354fff]
Jan 06 14:38:25 archlinux kernel: PM: hibernation: Registered nosave memory: [mem 0xc3d9d000-0xc4169fff]
Jan 06 14:38:25 archlinux kernel: PM: hibernation: Registered nosave memory: [mem 0xc6826000-0xc6826fff]
Jan 06 14:38:25 archlinux kernel: PM: hibernation: Registered nosave memory: [mem 0xca0e6000-0xca4ecfff]
Jan 06 14:38:25 archlinux kernel: PM: hibernation: Registered nosave memory: [mem 0xca4ed000-0xca538fff]
Jan 06 14:38:25 archlinux kernel: PM: hibernation: Registered nosave memory: [mem 0xca539000-0xcac54fff]
Jan 06 14:38:25 archlinux kernel: PM: hibernation: Registered nosave memory: [mem 0xcac55000-0xcbbfefff]
Jan 06 14:38:25 archlinux kernel: PM: hibernation: Registered nosave memory: [mem 0xcd000000-0xcfffffff]
Jan 06 14:38:25 archlinux kernel: PM: hibernation: Registered nosave memory: [mem 0xd0000000-0xf7ffffff]
Jan 06 14:38:25 archlinux kernel: PM: hibernation: Registered nosave memory: [mem 0xf8000000-0xfbffffff]
Jan 06 14:38:25 archlinux kernel: PM: hibernation: Registered nosave memory: [mem 0xfc000000-0xfd1fffff]
Jan 06 14:38:25 archlinux kernel: PM: hibernation: Registered nosave memory: [mem 0xfd200000-0xfd2fffff]
Jan 06 14:38:25 archlinux kernel: PM: hibernation: Registered nosave memory: [mem 0xfd300000-0xfd5fffff]
Jan 06 14:38:25 archlinux kernel: PM: hibernation: Registered nosave memory: [mem 0xfd600000-0xfd7fffff]
Jan 06 14:38:25 archlinux kernel: PM: hibernation: Registered nosave memory: [mem 0xfd800000-0xfe9fffff]
Jan 06 14:38:25 archlinux kernel: PM: hibernation: Registered nosave memory: [mem 0xfea00000-0xfea0ffff]
Jan 06 14:38:25 archlinux kernel: PM: hibernation: Registered nosave memory: [mem 0xfea10000-0xfeb7ffff]
Jan 06 14:38:25 archlinux kernel: PM: hibernation: Registered nosave memory: [mem 0xfeb80000-0xfec01fff]
Jan 06 14:38:25 archlinux kernel: PM: hibernation: Registered nosave memory: [mem 0xfec02000-0xfec0ffff]
Jan 06 14:38:25 archlinux kernel: PM: hibernation: Registered nosave memory: [mem 0xfec10000-0xfec10fff]
Jan 06 14:38:25 archlinux kernel: PM: hibernation: Registered nosave memory: [mem 0xfec11000-0xfec2ffff]
Jan 06 14:38:25 archlinux kernel: PM: hibernation: Registered nosave memory: [mem 0xfec30000-0xfec30fff]
Jan 06 14:38:25 archlinux kernel: PM: hibernation: Registered nosave memory: [mem 0xfec31000-0xfecfffff]
Jan 06 14:38:25 archlinux kernel: PM: hibernation: Registered nosave memory: [mem 0xfed00000-0xfed00fff]
Jan 06 14:38:25 archlinux kernel: PM: hibernation: Registered nosave memory: [mem 0xfed01000-0xfed3ffff]
Jan 06 14:38:25 archlinux kernel: PM: hibernation: Registered nosave memory: [mem 0xfed40000-0xfed44fff]
Jan 06 14:38:25 archlinux kernel: PM: hibernation: Registered nosave memory: [mem 0xfed45000-0xfed7ffff]
Jan 06 14:38:25 archlinux kernel: PM: hibernation: Registered nosave memory: [mem 0xfed80000-0xfed8ffff]
Jan 06 14:38:25 archlinux kernel: PM: hibernation: Registered nosave memory: [mem 0xfed90000-0xfedc1fff]
Jan 06 14:38:25 archlinux kernel: PM: hibernation: Registered nosave memory: [mem 0xfedc2000-0xfedcffff]
Jan 06 14:38:25 archlinux kernel: PM: hibernation: Registered nosave memory: [mem 0xfedd0000-0xfedd3fff]
Jan 06 14:38:25 archlinux kernel: PM: hibernation: Registered nosave memory: [mem 0xfedd4000-0xfedd5fff]
Jan 06 14:38:25 archlinux kernel: PM: hibernation: Registered nosave memory: [mem 0xfedd6000-0xfeffffff]
Jan 06 14:38:25 archlinux kernel: PM: hibernation: Registered nosave memory: [mem 0xff000000-0xffffffff]
Jan 06 14:38:25 archlinux kernel: [mem 0xd0000000-0xf7ffffff] available for PCI devices
Jan 06 14:38:25 archlinux kernel: Booting paravirtualized kernel on bare hardware
Jan 06 14:38:25 archlinux kernel: clocksource: refined-jiffies: mask: 0xffffffff max_cycles: 0xffffffff, max_idle_ns: 1910969940391419 ns
Jan 06 14:38:25 archlinux kernel: setup_percpu: NR_CPUS:320 nr_cpumask_bits:32 nr_cpu_ids:32 nr_node_ids:1
Jan 06 14:38:25 archlinux kernel: percpu: Embedded 63 pages/cpu s221184 r8192 d28672 u262144
Jan 06 14:38:25 archlinux kernel: pcpu-alloc: s221184 r8192 d28672 u262144 alloc=1*2097152
Jan 06 14:38:25 archlinux kernel: pcpu-alloc: [0] 00 01 02 03 04 05 06 07 [0] 08 09 10 11 12 13 14 15 
Jan 06 14:38:25 archlinux kernel: pcpu-alloc: [0] 16 17 18 19 20 21 22 23 [0] 24 25 26 27 28 29 30 31 
Jan 06 14:38:25 archlinux kernel: Fallback order for Node 0: 0 
Jan 06 14:38:25 archlinux kernel: Built 1 zonelists, mobility grouping on.  Total pages: 16491561
Jan 06 14:38:25 archlinux kernel: Policy zone: Normal
Jan 06 14:38:25 archlinux kernel: Kernel command line: rd.luks.name=d5a148a4-a3ec-46ba-8bc8-f1f889902c04=luks rd.luks.options=discard root=/dev/mapper/luks rootflags=subvol=@ rd.luks.options=discard rw add_efi_memmap initrd=amd-ucode.img initrd=initramfs-linux-zen.img
Jan 06 14:38:25 archlinux kernel: printk: log_buf_len individual max cpu contribution: 4096 bytes
Jan 06 14:38:25 archlinux kernel: printk: log_buf_len total cpu_extra contributions: 126976 bytes
Jan 06 14:38:25 archlinux kernel: printk: log_buf_len min size: 131072 bytes
Jan 06 14:38:25 archlinux kernel: printk: log_buf_len: 262144 bytes
Jan 06 14:38:25 archlinux kernel: printk: early log buf free: 113080(86%)
Jan 06 14:38:25 archlinux kernel: Dentry cache hash table entries: 8388608 (order: 14, 67108864 bytes, linear)
Jan 06 14:38:25 archlinux kernel: Inode-cache hash table entries: 4194304 (order: 13, 33554432 bytes, linear)
Jan 06 14:38:25 archlinux kernel: mem auto-init: stack:all(zero), heap alloc:on, heap free:off
Jan 06 14:38:25 archlinux kernel: software IO TLB: area num 32.
Jan 06 14:38:25 archlinux kernel: Memory: 65619992K/67013980K available (18439K kernel code, 2152K rwdata, 10992K rodata, 2152K init, 3200K bss, 1393728K reserved, 0K cma-reserved)
Jan 06 14:38:25 archlinux kernel: SLUB: HWalign=64, Order=0-3, MinObjects=0, CPUs=32, Nodes=1
Jan 06 14:38:25 archlinux kernel: ftrace: allocating 44228 entries in 173 pages
Jan 06 14:38:25 archlinux kernel: ftrace: allocated 173 pages with 5 groups
Jan 06 14:38:25 archlinux kernel: Dynamic Preempt: full
Jan 06 14:38:25 archlinux kernel: rcu: Preemptible hierarchical RCU implementation.
Jan 06 14:38:25 archlinux kernel: rcu:         RCU restricting CPUs from NR_CPUS=320 to nr_cpu_ids=32.
Jan 06 14:38:25 archlinux kernel: rcu:         RCU priority boosting: priority 1 delay 500 ms.
Jan 06 14:38:25 archlinux kernel:         Trampoline variant of Tasks RCU enabled.
Jan 06 14:38:25 archlinux kernel:         Rude variant of Tasks RCU enabled.
Jan 06 14:38:25 archlinux kernel:         Tracing variant of Tasks RCU enabled.
Jan 06 14:38:25 archlinux kernel: rcu: RCU calculated value of scheduler-enlistment delay is 100 jiffies.
Jan 06 14:38:25 archlinux kernel: rcu: Adjusting geometry for rcu_fanout_leaf=16, nr_cpu_ids=32
Jan 06 14:38:25 archlinux kernel: NR_IRQS: 20736, nr_irqs: 1224, preallocated irqs: 16
Jan 06 14:38:25 archlinux kernel: rcu: srcu_init: Setting srcu_struct sizes based on contention.
Jan 06 14:38:25 archlinux kernel: kfence: initialized - using 2097152 bytes for 255 objects at 0x(____ptrval____)-0x(____ptrval____)
Jan 06 14:38:25 archlinux kernel: Console: colour dummy device 80x25
Jan 06 14:38:25 archlinux kernel: printk: console [tty0] enabled
Jan 06 14:38:25 archlinux kernel: ACPI: Core revision 20220331
Jan 06 14:38:25 archlinux kernel: clocksource: hpet: mask: 0xffffffff max_cycles: 0xffffffff, max_idle_ns: 133484873504 ns
Jan 06 14:38:25 archlinux kernel: APIC: Switch to symmetric I/O mode setup
Jan 06 14:38:25 archlinux kernel: AMD-Vi: Using global IVHD EFR:0x0, EFR2:0x0
Jan 06 14:38:25 archlinux kernel: x2apic: IRQ remapping doesn't support X2APIC mode
Jan 06 14:38:25 archlinux kernel: Switched APIC routing to physical flat.
Jan 06 14:38:25 archlinux kernel: ..TIMER: vector=0x30 apic1=0 pin1=2 apic2=-1 pin2=-1
Jan 06 14:38:25 archlinux kernel: clocksource: tsc-early: mask: 0xffffffffffffffff max_cycles: 0x31012becfba, max_idle_ns: 440795278075 ns
Jan 06 14:38:25 archlinux kernel: Calibrating delay loop (skipped), value calculated using timer frequency.. 6799.38 BogoMIPS (lpj=3399692)
Jan 06 14:38:25 archlinux kernel: pid_max: default: 32768 minimum: 301
Jan 06 14:38:25 archlinux kernel: LSM: Security Framework initializing
Jan 06 14:38:25 archlinux kernel: landlock: Up and running.
Jan 06 14:38:25 archlinux kernel: Yama: becoming mindful.
Jan 06 14:38:25 archlinux kernel: LSM support for eBPF active
Jan 06 14:38:25 archlinux kernel: Mount-cache hash table entries: 131072 (order: 8, 1048576 bytes, linear)
Jan 06 14:38:25 archlinux kernel: Mountpoint-cache hash table entries: 131072 (order: 8, 1048576 bytes, linear)
Jan 06 14:38:25 archlinux kernel: x86/cpu: User Mode Instruction Prevention (UMIP) activated
Jan 06 14:38:25 archlinux kernel: LVT offset 1 assigned for vector 0xf9
Jan 06 14:38:25 archlinux kernel: LVT offset 2 assigned for vector 0xf4
Jan 06 14:38:25 archlinux kernel: process: using mwait in idle threads
Jan 06 14:38:25 archlinux kernel: Last level iTLB entries: 4KB 512, 2MB 512, 4MB 256
Jan 06 14:38:25 archlinux kernel: Last level dTLB entries: 4KB 2048, 2MB 2048, 4MB 1024, 1GB 0
Jan 06 14:38:25 archlinux kernel: Spectre V1 : Mitigation: usercopy/swapgs barriers and __user pointer sanitization
Jan 06 14:38:25 archlinux kernel: Spectre V2 : Mitigation: Retpolines
Jan 06 14:38:25 archlinux kernel: Spectre V2 : Spectre v2 / SpectreRSB mitigation: Filling RSB on context switch
Jan 06 14:38:25 archlinux kernel: Spectre V2 : Spectre v2 / SpectreRSB : Filling RSB on VMEXIT
Jan 06 14:38:25 archlinux kernel: Spectre V2 : Enabling Restricted Speculation for firmware calls
Jan 06 14:38:25 archlinux kernel: Spectre V2 : mitigation: Enabling conditional Indirect Branch Prediction Barrier
Jan 06 14:38:25 archlinux kernel: Spectre V2 : User space: Mitigation: STIBP always-on protection
Jan 06 14:38:25 archlinux kernel: Speculative Store Bypass: Mitigation: Speculative Store Bypass disabled via prctl
Jan 06 14:38:25 archlinux kernel: Freeing SMP alternatives memory: 44K
Jan 06 14:38:25 archlinux kernel: smpboot: CPU0: AMD Ryzen 9 5950X 16-Core Processor (family: 0x19, model: 0x21, stepping: 0x0)
Jan 06 14:38:25 archlinux kernel: cblist_init_generic: Setting adjustable number of callback queues.
Jan 06 14:38:25 archlinux kernel: cblist_init_generic: Setting shift to 5 and lim to 1.
Jan 06 14:38:25 archlinux kernel: cblist_init_generic: Setting shift to 5 and lim to 1.
Jan 06 14:38:25 archlinux kernel: cblist_init_generic: Setting shift to 5 and lim to 1.
Jan 06 14:38:25 archlinux kernel: Performance Events: Fam17h+ core perfctr, AMD PMU driver.
Jan 06 14:38:25 archlinux kernel: ... version:                0
Jan 06 14:38:25 archlinux kernel: ... bit width:              48
Jan 06 14:38:25 archlinux kernel: ... generic registers:      6
Jan 06 14:38:25 archlinux kernel: ... value mask:             0000ffffffffffff
Jan 06 14:38:25 archlinux kernel: ... max period:             00007fffffffffff
Jan 06 14:38:25 archlinux kernel: ... fixed-purpose events:   0
Jan 06 14:38:25 archlinux kernel: ... event mask:             000000000000003f
Jan 06 14:38:25 archlinux kernel: rcu: Hierarchical SRCU implementation.
Jan 06 14:38:25 archlinux kernel: rcu:         Max phase no-delay instances is 400.
Jan 06 14:38:25 archlinux kernel: NMI watchdog: Enabled. Permanently consumes one hw-PMU counter.
Jan 06 14:38:25 archlinux kernel: smp: Bringing up secondary CPUs ...
Jan 06 14:38:25 archlinux kernel: x86: Booting SMP configuration:
Jan 06 14:38:25 archlinux kernel: .... node  #0, CPUs:        #1  #2  #3  #4  #5  #6  #7  #8  #9 #10 #11 #12 #13 #14 #15 #16
Jan 06 14:38:25 archlinux kernel: Spectre V2 : Update user space SMT mitigation: STIBP always-on
Jan 06 14:38:25 archlinux kernel:  #17 #18 #19 #20 #21 #22 #23 #24 #25 #26 #27 #28 #29 #30 #31
Jan 06 14:38:25 archlinux kernel: smp: Brought up 1 node, 32 CPUs
Jan 06 14:38:25 archlinux kernel: smpboot: Max logical packages: 1
Jan 06 14:38:25 archlinux kernel: smpboot: Total of 32 processors activated (217580.28 BogoMIPS)
Jan 06 14:38:25 archlinux kernel: devtmpfs: initialized
Jan 06 14:38:25 archlinux kernel: x86/mm: Memory block size: 2048MB
Jan 06 14:38:25 archlinux kernel: ACPI: PM: Registering ACPI NVS region [mem 0x0a200000-0x0a20dfff] (57344 bytes)
Jan 06 14:38:25 archlinux kernel: ACPI: PM: Registering ACPI NVS region [mem 0xca539000-0xcac54fff] (7454720 bytes)
Jan 06 14:38:25 archlinux kernel: clocksource: jiffies: mask: 0xffffffff max_cycles: 0xffffffff, max_idle_ns: 1911260446275000 ns
Jan 06 14:38:25 archlinux kernel: futex hash table entries: 8192 (order: 7, 524288 bytes, linear)
Jan 06 14:38:25 archlinux kernel: pinctrl core: initialized pinctrl subsystem
Jan 06 14:38:25 archlinux kernel: PM: RTC time: 13:38:21, date: 2023-01-06
Jan 06 14:38:25 archlinux kernel: NET: Registered PF_NETLINK/PF_ROUTE protocol family
Jan 06 14:38:25 archlinux kernel: DMA: preallocated 4096 KiB GFP_KERNEL pool for atomic allocations
Jan 06 14:38:25 archlinux kernel: DMA: preallocated 4096 KiB GFP_KERNEL|GFP_DMA pool for atomic allocations
Jan 06 14:38:25 archlinux kernel: DMA: preallocated 4096 KiB GFP_KERNEL|GFP_DMA32 pool for atomic allocations
Jan 06 14:38:25 archlinux kernel: audit: initializing netlink subsys (disabled)
Jan 06 14:38:25 archlinux kernel: audit: type=2000 audit(1673012300.163:1): state=initialized audit_enabled=0 res=1
Jan 06 14:38:25 archlinux kernel: thermal_sys: Registered thermal governor 'fair_share'
Jan 06 14:38:25 archlinux kernel: thermal_sys: Registered thermal governor 'bang_bang'
Jan 06 14:38:25 archlinux kernel: thermal_sys: Registered thermal governor 'step_wise'
Jan 06 14:38:25 archlinux kernel: thermal_sys: Registered thermal governor 'user_space'
Jan 06 14:38:25 archlinux kernel: thermal_sys: Registered thermal governor 'power_allocator'
Jan 06 14:38:25 archlinux kernel: cpuidle: using governor ladder
Jan 06 14:38:25 archlinux kernel: cpuidle: using governor menu
Jan 06 14:38:25 archlinux kernel: Detected 1 PCC Subspaces
Jan 06 14:38:25 archlinux kernel: Registering PCC driver as Mailbox controller
Jan 06 14:38:25 archlinux kernel: acpiphp: ACPI Hot Plug PCI Controller Driver version: 0.5
Jan 06 14:38:25 archlinux kernel: PCI: MMCONFIG for domain 0000 [bus 00-3f] at [mem 0xf8000000-0xfbffffff] (base 0xf8000000)
Jan 06 14:38:25 archlinux kernel: PCI: MMCONFIG at [mem 0xf8000000-0xfbffffff] reserved in E820
Jan 06 14:38:25 archlinux kernel: PCI: Using configuration type 1 for base access
Jan 06 14:38:25 archlinux kernel: kprobes: kprobe jump-optimization is enabled. All kprobes are optimized if possible.
Jan 06 14:38:25 archlinux kernel: HugeTLB: registered 1.00 GiB page size, pre-allocated 0 pages
Jan 06 14:38:25 archlinux kernel: HugeTLB: 16380 KiB vmemmap can be freed for a 1.00 GiB page
Jan 06 14:38:25 archlinux kernel: HugeTLB: registered 2.00 MiB page size, pre-allocated 0 pages
Jan 06 14:38:25 archlinux kernel: HugeTLB: 28 KiB vmemmap can be freed for a 2.00 MiB page
Jan 06 14:38:25 archlinux kernel: ACPI: Added _OSI(Module Device)
Jan 06 14:38:25 archlinux kernel: ACPI: Added _OSI(Processor Device)
Jan 06 14:38:25 archlinux kernel: ACPI: Added _OSI(3.0 _SCP Extensions)
Jan 06 14:38:25 archlinux kernel: ACPI: Added _OSI(Processor Aggregator Device)
Jan 06 14:38:25 archlinux kernel: ACPI: 7 ACPI AML tables successfully acquired and loaded
Jan 06 14:38:25 archlinux kernel: ACPI: [Firmware Bug]: BIOS _OSI(Linux) query ignored
Jan 06 14:38:25 archlinux kernel: ACPI: EC: EC started
Jan 06 14:38:25 archlinux kernel: ACPI: EC: interrupt blocked
Jan 06 14:38:25 archlinux kernel: ACPI: EC: EC_CMD/EC_SC=0x66, EC_DATA=0x62
Jan 06 14:38:25 archlinux kernel: ACPI: \_SB_.PCI0.SBRG.EC0_: Boot DSDT EC used to handle transactions
Jan 06 14:38:25 archlinux kernel: ACPI: Interpreter enabled
Jan 06 14:38:25 archlinux kernel: ACPI: PM: (supports S0 S3 S4 S5)
Jan 06 14:38:25 archlinux kernel: ACPI: Using IOAPIC for interrupt routing
Jan 06 14:38:25 archlinux kernel: PCI: Using host bridge windows from ACPI; if necessary, use "pci=nocrs" and report a bug
Jan 06 14:38:25 archlinux kernel: PCI: Using E820 reservations for host bridge windows
Jan 06 14:38:25 archlinux kernel: ACPI: Enabled 4 GPEs in block 00 to 1F
Jan 06 14:38:25 archlinux kernel: ACPI: PCI Root Bridge [PCI0] (domain 0000 [bus 00-ff])
Jan 06 14:38:25 archlinux kernel: acpi PNP0A08:00: _OSC: OS supports [ExtendedConfig ASPM ClockPM Segments MSI EDR HPX-Type3]
Jan 06 14:38:25 archlinux kernel: acpi PNP0A08:00: _OSC: platform does not support [PCIeHotplug SHPCHotplug PME LTR DPC]
Jan 06 14:38:25 archlinux kernel: acpi PNP0A08:00: _OSC: OS now controls [AER PCIeCapability]
Jan 06 14:38:25 archlinux kernel: acpi PNP0A08:00: [Firmware Info]: MMCONFIG for domain 0000 [bus 00-3f] only partially covers this bridge
Jan 06 14:38:25 archlinux kernel: PCI host bridge to bus 0000:00
Jan 06 14:38:25 archlinux kernel: pci_bus 0000:00: root bus resource [io  0x0000-0x03af window]
Jan 06 14:38:25 archlinux kernel: pci_bus 0000:00: root bus resource [io  0x03e0-0x0cf7 window]
Jan 06 14:38:25 archlinux kernel: pci_bus 0000:00: root bus resource [io  0x03b0-0x03df window]
Jan 06 14:38:25 archlinux kernel: pci_bus 0000:00: root bus resource [io  0x0d00-0xefff window]
Jan 06 14:38:25 archlinux kernel: pci_bus 0000:00: root bus resource [mem 0x000a0000-0x000dffff window]
Jan 06 14:38:25 archlinux kernel: pci_bus 0000:00: root bus resource [mem 0xd0000000-0xfec2ffff window]
Jan 06 14:38:25 archlinux kernel: pci_bus 0000:00: root bus resource [mem 0xfee00000-0xffffffff window]
Jan 06 14:38:25 archlinux kernel: pci_bus 0000:00: root bus resource [bus 00-ff]
Jan 06 14:38:25 archlinux kernel: pci 0000:00:00.0: [1022:1480] type 00 class 0x060000
Jan 06 14:38:25 archlinux kernel: pci 0000:00:00.2: [1022:1481] type 00 class 0x080600
Jan 06 14:38:25 archlinux kernel: pci 0000:00:01.0: [1022:1482] type 00 class 0x060000
Jan 06 14:38:25 archlinux kernel: pci 0000:00:01.1: [1022:1483] type 01 class 0x060400
Jan 06 14:38:25 archlinux kernel: pci 0000:00:01.1: enabling Extended Tags
Jan 06 14:38:25 archlinux kernel: pci 0000:00:01.1: PME# supported from D0 D3hot D3cold
Jan 06 14:38:25 archlinux kernel: pci 0000:00:01.3: [1022:1483] type 01 class 0x060400
Jan 06 14:38:25 archlinux kernel: pci 0000:00:01.3: enabling Extended Tags
Jan 06 14:38:25 archlinux kernel: pci 0000:00:01.3: PME# supported from D0 D3hot D3cold
Jan 06 14:38:25 archlinux kernel: pci 0000:00:02.0: [1022:1482] type 00 class 0x060000
Jan 06 14:38:25 archlinux kernel: pci 0000:00:03.0: [1022:1482] type 00 class 0x060000
Jan 06 14:38:25 archlinux kernel: pci 0000:00:03.1: [1022:1483] type 01 class 0x060400
Jan 06 14:38:25 archlinux kernel: pci 0000:00:03.1: PME# supported from D0 D3hot D3cold
Jan 06 14:38:25 archlinux kernel: pci 0000:00:04.0: [1022:1482] type 00 class 0x060000
Jan 06 14:38:25 archlinux kernel: pci 0000:00:05.0: [1022:1482] type 00 class 0x060000
Jan 06 14:38:25 archlinux kernel: pci 0000:00:07.0: [1022:1482] type 00 class 0x060000
Jan 06 14:38:25 archlinux kernel: pci 0000:00:07.1: [1022:1484] type 01 class 0x060400
Jan 06 14:38:25 archlinux kernel: pci 0000:00:07.1: enabling Extended Tags
Jan 06 14:38:25 archlinux kernel: pci 0000:00:07.1: PME# supported from D0 D3hot D3cold
Jan 06 14:38:25 archlinux kernel: pci 0000:00:08.0: [1022:1482] type 00 class 0x060000
Jan 06 14:38:25 archlinux kernel: pci 0000:00:08.1: [1022:1484] type 01 class 0x060400
Jan 06 14:38:25 archlinux kernel: pci 0000:00:08.1: enabling Extended Tags
Jan 06 14:38:25 archlinux kernel: pci 0000:00:08.1: PME# supported from D0 D3hot D3cold
Jan 06 14:38:25 archlinux kernel: pci 0000:00:14.0: [1022:790b] type 00 class 0x0c0500
Jan 06 14:38:25 archlinux kernel: pci 0000:00:14.3: [1022:790e] type 00 class 0x060100
Jan 06 14:38:25 archlinux kernel: pci 0000:00:18.0: [1022:1440] type 00 class 0x060000
Jan 06 14:38:25 archlinux kernel: pci 0000:00:18.1: [1022:1441] type 00 class 0x060000
Jan 06 14:38:25 archlinux kernel: pci 0000:00:18.2: [1022:1442] type 00 class 0x060000
Jan 06 14:38:25 archlinux kernel: pci 0000:00:18.3: [1022:1443] type 00 class 0x060000
Jan 06 14:38:25 archlinux kernel: pci 0000:00:18.4: [1022:1444] type 00 class 0x060000
Jan 06 14:38:25 archlinux kernel: pci 0000:00:18.5: [1022:1445] type 00 class 0x060000
Jan 06 14:38:25 archlinux kernel: pci 0000:00:18.6: [1022:1446] type 00 class 0x060000
Jan 06 14:38:25 archlinux kernel: pci 0000:00:18.7: [1022:1447] type 00 class 0x060000
Jan 06 14:38:25 archlinux kernel: pci 0000:01:00.0: [144d:a808] type 00 class 0x010802
Jan 06 14:38:25 archlinux kernel: pci 0000:01:00.0: reg 0x10: [mem 0xfcf00000-0xfcf03fff 64bit]
Jan 06 14:38:25 archlinux kernel: pci 0000:00:01.1: PCI bridge to [bus 01]
Jan 06 14:38:25 archlinux kernel: pci 0000:00:01.1:   bridge window [mem 0xfcf00000-0xfcffffff]
Jan 06 14:38:25 archlinux kernel: pci 0000:02:00.0: [1022:43d0] type 00 class 0x0c0330
Jan 06 14:38:25 archlinux kernel: pci 0000:02:00.0: reg 0x10: [mem 0xfc8a0000-0xfc8a7fff 64bit]
Jan 06 14:38:25 archlinux kernel: pci 0000:02:00.0: enabling Extended Tags
Jan 06 14:38:25 archlinux kernel: pci 0000:02:00.0: PME# supported from D3hot D3cold
Jan 06 14:38:25 archlinux kernel: pci 0000:02:00.1: [1022:43c8] type 00 class 0x010601
Jan 06 14:38:25 archlinux kernel: pci 0000:02:00.1: reg 0x24: [mem 0xfc880000-0xfc89ffff]
Jan 06 14:38:25 archlinux kernel: pci 0000:02:00.1: reg 0x30: [mem 0xfc800000-0xfc87ffff pref]
Jan 06 14:38:25 archlinux kernel: pci 0000:02:00.1: enabling Extended Tags
Jan 06 14:38:25 archlinux kernel: pci 0000:02:00.1: PME# supported from D3hot D3cold
Jan 06 14:38:25 archlinux kernel: pci 0000:02:00.2: [1022:43c6] type 01 class 0x060400
Jan 06 14:38:25 archlinux kernel: pci 0000:02:00.2: enabling Extended Tags
Jan 06 14:38:25 archlinux kernel: pci 0000:02:00.2: PME# supported from D3hot D3cold
Jan 06 14:38:25 archlinux kernel: pci 0000:00:01.3: PCI bridge to [bus 02-08]
Jan 06 14:38:25 archlinux kernel: pci 0000:00:01.3:   bridge window [io  0xe000-0xefff]
Jan 06 14:38:25 archlinux kernel: pci 0000:00:01.3:   bridge window [mem 0xfc500000-0xfc8fffff]
Jan 06 14:38:25 archlinux kernel: pci 0000:03:00.0: [1022:43c7] type 01 class 0x060400
Jan 06 14:38:25 archlinux kernel: pci 0000:03:00.0: enabling Extended Tags
Jan 06 14:38:25 archlinux kernel: pci 0000:03:00.0: PME# supported from D3hot D3cold
Jan 06 14:38:25 archlinux kernel: pci 0000:03:04.0: [1022:43c7] type 01 class 0x060400
Jan 06 14:38:25 archlinux kernel: pci 0000:03:04.0: enabling Extended Tags
Jan 06 14:38:25 archlinux kernel: pci 0000:03:04.0: PME# supported from D3hot D3cold
Jan 06 14:38:25 archlinux kernel: pci 0000:03:06.0: [1022:43c7] type 01 class 0x060400
Jan 06 14:38:25 archlinux kernel: pci 0000:03:06.0: enabling Extended Tags
Jan 06 14:38:25 archlinux kernel: pci 0000:03:06.0: PME# supported from D3hot D3cold
Jan 06 14:38:25 archlinux kernel: pci 0000:03:07.0: [1022:43c7] type 01 class 0x060400
Jan 06 14:38:25 archlinux kernel: pci 0000:03:07.0: enabling Extended Tags
Jan 06 14:38:25 archlinux kernel: pci 0000:03:07.0: PME# supported from D3hot D3cold
Jan 06 14:38:25 archlinux kernel: pci 0000:03:09.0: [1022:43c7] type 01 class 0x060400
Jan 06 14:38:25 archlinux kernel: pci 0000:03:09.0: enabling Extended Tags
Jan 06 14:38:25 archlinux kernel: pci 0000:03:09.0: PME# supported from D3hot D3cold
Jan 06 14:38:25 archlinux kernel: pci 0000:02:00.2: PCI bridge to [bus 03-08]
Jan 06 14:38:25 archlinux kernel: pci 0000:02:00.2:   bridge window [io  0xe000-0xefff]
Jan 06 14:38:25 archlinux kernel: pci 0000:02:00.2:   bridge window [mem 0xfc500000-0xfc7fffff]
Jan 06 14:38:25 archlinux kernel: pci 0000:03:00.0: PCI bridge to [bus 04]
Jan 06 14:38:25 archlinux kernel: pci 0000:05:00.0: [1b21:1242] type 00 class 0x0c0330
Jan 06 14:38:25 archlinux kernel: pci 0000:05:00.0: reg 0x10: [mem 0xfc700000-0xfc707fff 64bit]
Jan 06 14:38:25 archlinux kernel: pci 0000:05:00.0: enabling Extended Tags
Jan 06 14:38:25 archlinux kernel: pci 0000:05:00.0: PME# supported from D3hot D3cold
Jan 06 14:38:25 archlinux kernel: pci 0000:03:04.0: PCI bridge to [bus 05]
Jan 06 14:38:25 archlinux kernel: pci 0000:03:04.0:   bridge window [mem 0xfc700000-0xfc7fffff]
Jan 06 14:38:25 archlinux kernel: pci 0000:03:06.0: PCI bridge to [bus 06]
Jan 06 14:38:25 archlinux kernel: pci 0000:07:00.0: [8086:1539] type 00 class 0x020000
Jan 06 14:38:25 archlinux kernel: pci 0000:07:00.0: reg 0x10: [mem 0xfc600000-0xfc61ffff]
Jan 06 14:38:25 archlinux kernel: pci 0000:07:00.0: reg 0x18: [io  0xe000-0xe01f]
Jan 06 14:38:25 archlinux kernel: pci 0000:07:00.0: reg 0x1c: [mem 0xfc620000-0xfc623fff]
Jan 06 14:38:25 archlinux kernel: pci 0000:07:00.0: PME# supported from D0 D3hot D3cold
Jan 06 14:38:25 archlinux kernel: pci 0000:03:07.0: PCI bridge to [bus 07]
Jan 06 14:38:25 archlinux kernel: pci 0000:03:07.0:   bridge window [io  0xe000-0xefff]
Jan 06 14:38:25 archlinux kernel: pci 0000:03:07.0:   bridge window [mem 0xfc600000-0xfc6fffff]
Jan 06 14:38:25 archlinux kernel: pci 0000:08:00.0: [15b7:5006] type 00 class 0x010802
Jan 06 14:38:25 archlinux kernel: pci 0000:08:00.0: reg 0x10: [mem 0xfc500000-0xfc503fff 64bit]
Jan 06 14:38:25 archlinux kernel: pci 0000:08:00.0: reg 0x20: [mem 0xfc504000-0xfc5040ff 64bit]
Jan 06 14:38:25 archlinux kernel: pci 0000:08:00.0: 15.752 Gb/s available PCIe bandwidth, limited by 8.0 GT/s PCIe x2 link at 0000:03:09.0 (capable of 31.504 Gb/s with 8.0 GT/s PCIe x4 link)
Jan 06 14:38:25 archlinux kernel: pci 0000:03:09.0: PCI bridge to [bus 08]
Jan 06 14:38:25 archlinux kernel: pci 0000:03:09.0:   bridge window [mem 0xfc500000-0xfc5fffff]
Jan 06 14:38:25 archlinux kernel: pci 0000:09:00.0: [1002:1478] type 01 class 0x060400
Jan 06 14:38:25 archlinux kernel: pci 0000:09:00.0: reg 0x10: [mem 0xfce00000-0xfce03fff]
Jan 06 14:38:25 archlinux kernel: pci 0000:09:00.0: PME# supported from D0 D3hot D3cold
Jan 06 14:38:25 archlinux kernel: pci 0000:09:00.0: 126.016 Gb/s available PCIe bandwidth, limited by 8.0 GT/s PCIe x16 link at 0000:00:03.1 (capable of 252.048 Gb/s with 16.0 GT/s PCIe x16 link)
Jan 06 14:38:25 archlinux kernel: pci 0000:00:03.1: PCI bridge to [bus 09-0b]
Jan 06 14:38:25 archlinux kernel: pci 0000:00:03.1:   bridge window [io  0xd000-0xdfff]
Jan 06 14:38:25 archlinux kernel: pci 0000:00:03.1:   bridge window [mem 0xfcc00000-0xfcefffff]
Jan 06 14:38:25 archlinux kernel: pci 0000:00:03.1:   bridge window [mem 0xe0000000-0xf01fffff 64bit pref]
Jan 06 14:38:25 archlinux kernel: pci 0000:0a:00.0: [1002:1479] type 01 class 0x060400
Jan 06 14:38:25 archlinux kernel: pci 0000:0a:00.0: PME# supported from D0 D3hot D3cold
Jan 06 14:38:25 archlinux kernel: pci 0000:09:00.0: PCI bridge to [bus 0a-0b]
Jan 06 14:38:25 archlinux kernel: pci 0000:09:00.0:   bridge window [io  0xd000-0xdfff]
Jan 06 14:38:25 archlinux kernel: pci 0000:09:00.0:   bridge window [mem 0xfcc00000-0xfcdfffff]
Jan 06 14:38:25 archlinux kernel: pci 0000:09:00.0:   bridge window [mem 0xe0000000-0xf01fffff 64bit pref]
Jan 06 14:38:25 archlinux kernel: pci 0000:0b:00.0: [1002:73df] type 00 class 0x030000
Jan 06 14:38:25 archlinux kernel: pci 0000:0b:00.0: reg 0x10: [mem 0xe0000000-0xefffffff 64bit pref]
Jan 06 14:38:25 archlinux kernel: pci 0000:0b:00.0: reg 0x18: [mem 0xf0000000-0xf01fffff 64bit pref]
Jan 06 14:38:25 archlinux kernel: pci 0000:0b:00.0: reg 0x20: [io  0xd000-0xd0ff]
Jan 06 14:38:25 archlinux kernel: pci 0000:0b:00.0: reg 0x24: [mem 0xfcc00000-0xfccfffff]
Jan 06 14:38:25 archlinux kernel: pci 0000:0b:00.0: reg 0x30: [mem 0xfcd00000-0xfcd1ffff pref]
Jan 06 14:38:25 archlinux kernel: pci 0000:0b:00.0: BAR 0: assigned to efifb
Jan 06 14:38:25 archlinux kernel: pci 0000:0b:00.0: Video device with shadowed ROM at [mem 0x000c0000-0x000dffff]
Jan 06 14:38:25 archlinux kernel: pci 0000:0b:00.0: PME# supported from D1 D2 D3hot D3cold
Jan 06 14:38:25 archlinux kernel: pci 0000:0b:00.0: 126.016 Gb/s available PCIe bandwidth, limited by 8.0 GT/s PCIe x16 link at 0000:00:03.1 (capable of 252.048 Gb/s with 16.0 GT/s PCIe x16 link)
Jan 06 14:38:25 archlinux kernel: pci 0000:0b:00.1: [1002:ab28] type 00 class 0x040300
Jan 06 14:38:25 archlinux kernel: pci 0000:0b:00.1: reg 0x10: [mem 0xfcd20000-0xfcd23fff]
Jan 06 14:38:25 archlinux kernel: pci 0000:0b:00.1: PME# supported from D1 D2 D3hot D3cold
Jan 06 14:38:25 archlinux kernel: pci 0000:0a:00.0: PCI bridge to [bus 0b]
Jan 06 14:38:25 archlinux kernel: pci 0000:0a:00.0:   bridge window [io  0xd000-0xdfff]
Jan 06 14:38:25 archlinux kernel: pci 0000:0a:00.0:   bridge window [mem 0xfcc00000-0xfcdfffff]
Jan 06 14:38:25 archlinux kernel: pci 0000:0a:00.0:   bridge window [mem 0xe0000000-0xf01fffff 64bit pref]
Jan 06 14:38:25 archlinux kernel: pci 0000:0c:00.0: [1022:148a] type 00 class 0x130000
Jan 06 14:38:25 archlinux kernel: pci 0000:0c:00.0: enabling Extended Tags
Jan 06 14:38:25 archlinux kernel: pci 0000:00:07.1: PCI bridge to [bus 0c]
Jan 06 14:38:25 archlinux kernel: pci 0000:0d:00.0: [1022:1485] type 00 class 0x130000
Jan 06 14:38:25 archlinux kernel: pci 0000:0d:00.0: enabling Extended Tags
Jan 06 14:38:25 archlinux kernel: pci 0000:0d:00.1: [1022:1486] type 00 class 0x108000
Jan 06 14:38:25 archlinux kernel: pci 0000:0d:00.1: reg 0x18: [mem 0xfca00000-0xfcafffff]
Jan 06 14:38:25 archlinux kernel: pci 0000:0d:00.1: reg 0x24: [mem 0xfcb08000-0xfcb09fff]
Jan 06 14:38:25 archlinux kernel: pci 0000:0d:00.1: enabling Extended Tags
Jan 06 14:38:25 archlinux kernel: pci 0000:0d:00.3: [1022:149c] type 00 class 0x0c0330
Jan 06 14:38:25 archlinux kernel: pci 0000:0d:00.3: reg 0x10: [mem 0xfc900000-0xfc9fffff 64bit]
Jan 06 14:38:25 archlinux kernel: pci 0000:0d:00.3: enabling Extended Tags
Jan 06 14:38:25 archlinux kernel: pci 0000:0d:00.3: PME# supported from D0 D3hot D3cold
Jan 06 14:38:25 archlinux kernel: pci 0000:0d:00.4: [1022:1487] type 00 class 0x040300
Jan 06 14:38:25 archlinux kernel: pci 0000:0d:00.4: reg 0x10: [mem 0xfcb00000-0xfcb07fff]
Jan 06 14:38:25 archlinux kernel: pci 0000:0d:00.4: enabling Extended Tags
Jan 06 14:38:25 archlinux kernel: pci 0000:0d:00.4: PME# supported from D0 D3hot D3cold
Jan 06 14:38:25 archlinux kernel: pci 0000:00:08.1: PCI bridge to [bus 0d]
Jan 06 14:38:25 archlinux kernel: pci 0000:00:08.1:   bridge window [mem 0xfc900000-0xfcbfffff]
Jan 06 14:38:25 archlinux kernel: ACPI: PCI: Interrupt link LNKA configured for IRQ 0
Jan 06 14:38:25 archlinux kernel: ACPI: PCI: Interrupt link LNKB configured for IRQ 0
Jan 06 14:38:25 archlinux kernel: ACPI: PCI: Interrupt link LNKC configured for IRQ 0
Jan 06 14:38:25 archlinux kernel: ACPI: PCI: Interrupt link LNKD configured for IRQ 0
Jan 06 14:38:25 archlinux kernel: ACPI: PCI: Interrupt link LNKE configured for IRQ 0
Jan 06 14:38:25 archlinux kernel: ACPI: PCI: Interrupt link LNKF configured for IRQ 0
Jan 06 14:38:25 archlinux kernel: ACPI: PCI: Interrupt link LNKG configured for IRQ 0
Jan 06 14:38:25 archlinux kernel: ACPI: PCI: Interrupt link LNKH configured for IRQ 0
Jan 06 14:38:25 archlinux kernel: ACPI: EC: interrupt unblocked
Jan 06 14:38:25 archlinux kernel: ACPI: EC: event unblocked
Jan 06 14:38:25 archlinux kernel: ACPI: EC: EC_CMD/EC_SC=0x66, EC_DATA=0x62
Jan 06 14:38:25 archlinux kernel: ACPI: EC: GPE=0x2
Jan 06 14:38:25 archlinux kernel: ACPI: \_SB_.PCI0.SBRG.EC0_: Boot DSDT EC initialization complete
Jan 06 14:38:25 archlinux kernel: ACPI: \_SB_.PCI0.SBRG.EC0_: EC: Used to handle transactions and events
Jan 06 14:38:25 archlinux kernel: iommu: Default domain type: Translated 
Jan 06 14:38:25 archlinux kernel: iommu: DMA domain TLB invalidation policy: lazy mode 
Jan 06 14:38:25 archlinux kernel: SCSI subsystem initialized
Jan 06 14:38:25 archlinux kernel: libata version 3.00 loaded.
Jan 06 14:38:25 archlinux kernel: ACPI: bus type USB registered
Jan 06 14:38:25 archlinux kernel: usbcore: registered new interface driver usbfs
Jan 06 14:38:25 archlinux kernel: usbcore: registered new interface driver hub
Jan 06 14:38:25 archlinux kernel: usbcore: registered new device driver usb
Jan 06 14:38:25 archlinux kernel: pps_core: LinuxPPS API ver. 1 registered
Jan 06 14:38:25 archlinux kernel: pps_core: Software ver. 5.3.6 - Copyright 2005-2007 Rodolfo Giometti <giometti@linux.it>
Jan 06 14:38:25 archlinux kernel: PTP clock support registered
Jan 06 14:38:25 archlinux kernel: EDAC MC: Ver: 3.0.0
Jan 06 14:38:25 archlinux kernel: Registered efivars operations
Jan 06 14:38:25 archlinux kernel: NetLabel: Initializing
Jan 06 14:38:25 archlinux kernel: NetLabel:  domain hash size = 128
Jan 06 14:38:25 archlinux kernel: NetLabel:  protocols = UNLABELED CIPSOv4 CALIPSO
Jan 06 14:38:25 archlinux kernel: NetLabel:  unlabeled traffic allowed by default
Jan 06 14:38:25 archlinux kernel: mctp: management component transport protocol core
Jan 06 14:38:25 archlinux kernel: NET: Registered PF_MCTP protocol family
Jan 06 14:38:25 archlinux kernel: PCI: Using ACPI for IRQ routing
Jan 06 14:38:25 archlinux kernel: PCI: pci_cache_line_size set to 64 bytes
Jan 06 14:38:25 archlinux kernel: e820: reserve RAM buffer [mem 0x09bff000-0x0bffffff]
Jan 06 14:38:25 archlinux kernel: e820: reserve RAM buffer [mem 0x0a200000-0x0bffffff]
Jan 06 14:38:25 archlinux kernel: e820: reserve RAM buffer [mem 0x0b000000-0x0bffffff]
Jan 06 14:38:25 archlinux kernel: e820: reserve RAM buffer [mem 0xbd2a3018-0xbfffffff]
Jan 06 14:38:25 archlinux kernel: e820: reserve RAM buffer [mem 0xbd343018-0xbfffffff]
Jan 06 14:38:25 archlinux kernel: e820: reserve RAM buffer [mem 0xc3d9d000-0xc3ffffff]
Jan 06 14:38:25 archlinux kernel: e820: reserve RAM buffer [mem 0xc6826000-0xc7ffffff]
Jan 06 14:38:25 archlinux kernel: e820: reserve RAM buffer [mem 0xca0e6000-0xcbffffff]
Jan 06 14:38:25 archlinux kernel: e820: reserve RAM buffer [mem 0xcd000000-0xcfffffff]
Jan 06 14:38:25 archlinux kernel: e820: reserve RAM buffer [mem 0x102f300000-0x102fffffff]
Jan 06 14:38:25 archlinux kernel: pci 0000:0b:00.0: vgaarb: setting as boot VGA device
Jan 06 14:38:25 archlinux kernel: pci 0000:0b:00.0: vgaarb: bridge control possible
Jan 06 14:38:25 archlinux kernel: pci 0000:0b:00.0: vgaarb: VGA device added: decodes=io+mem,owns=io+mem,locks=none
Jan 06 14:38:25 archlinux kernel: vgaarb: loaded
Jan 06 14:38:25 archlinux kernel: hpet0: at MMIO 0xfed00000, IRQs 2, 8, 0
Jan 06 14:38:25 archlinux kernel: hpet0: 3 comparators, 32-bit 14.318180 MHz counter
Jan 06 14:38:25 archlinux kernel: clocksource: Switched to clocksource tsc-early
Jan 06 14:38:25 archlinux kernel: VFS: Disk quotas dquot_6.6.0
Jan 06 14:38:25 archlinux kernel: VFS: Dquot-cache hash table entries: 512 (order 0, 4096 bytes)
Jan 06 14:38:25 archlinux kernel: pnp: PnP ACPI init
Jan 06 14:38:25 archlinux kernel: system 00:00: [mem 0xf8000000-0xfbffffff] has been reserved
Jan 06 14:38:25 archlinux kernel: system 00:01: [mem 0xfd200000-0xfd2fffff] has been reserved
Jan 06 14:38:25 archlinux kernel: system 00:03: [io  0x0300-0x030f] has been reserved
Jan 06 14:38:25 archlinux kernel: system 00:03: [io  0x0230-0x023f] has been reserved
Jan 06 14:38:25 archlinux kernel: system 00:03: [io  0x0290-0x029f] has been reserved
Jan 06 14:38:25 archlinux kernel: pnp 00:04: [dma 0 disabled]
Jan 06 14:38:25 archlinux kernel: system 00:05: [io  0x04d0-0x04d1] has been reserved
Jan 06 14:38:25 archlinux kernel: system 00:05: [io  0x040b] has been reserved
Jan 06 14:38:25 archlinux kernel: system 00:05: [io  0x04d6] has been reserved
Jan 06 14:38:25 archlinux kernel: system 00:05: [io  0x0c00-0x0c01] has been reserved
Jan 06 14:38:25 archlinux kernel: system 00:05: [io  0x0c14] has been reserved
Jan 06 14:38:25 archlinux kernel: system 00:05: [io  0x0c50-0x0c51] has been reserved
Jan 06 14:38:25 archlinux kernel: system 00:05: [io  0x0c52] has been reserved
Jan 06 14:38:25 archlinux kernel: system 00:05: [io  0x0c6c] has been reserved
Jan 06 14:38:25 archlinux kernel: system 00:05: [io  0x0c6f] has been reserved
Jan 06 14:38:25 archlinux kernel: system 00:05: [io  0x0cd8-0x0cdf] has been reserved
Jan 06 14:38:25 archlinux kernel: system 00:05: [io  0x0800-0x089f] has been reserved
Jan 06 14:38:25 archlinux kernel: system 00:05: [io  0x0b00-0x0b0f] has been reserved
Jan 06 14:38:25 archlinux kernel: system 00:05: [io  0x0b20-0x0b3f] has been reserved
Jan 06 14:38:25 archlinux kernel: system 00:05: [io  0x0900-0x090f] has been reserved
Jan 06 14:38:25 archlinux kernel: system 00:05: [io  0x0910-0x091f] has been reserved
Jan 06 14:38:25 archlinux kernel: system 00:05: [mem 0xfec00000-0xfec00fff] could not be reserved
Jan 06 14:38:25 archlinux kernel: system 00:05: [mem 0xfec01000-0xfec01fff] could not be reserved
Jan 06 14:38:25 archlinux kernel: system 00:05: [mem 0xfedc0000-0xfedc0fff] has been reserved
Jan 06 14:38:25 archlinux kernel: system 00:05: [mem 0xfee00000-0xfee00fff] has been reserved
Jan 06 14:38:25 archlinux kernel: system 00:05: [mem 0xfed80000-0xfed8ffff] could not be reserved
Jan 06 14:38:25 archlinux kernel: system 00:05: [mem 0xfec10000-0xfec10fff] has been reserved
Jan 06 14:38:25 archlinux kernel: system 00:05: [mem 0xff000000-0xffffffff] has been reserved
Jan 06 14:38:25 archlinux kernel: pnp: PnP ACPI: found 6 devices
Jan 06 14:38:25 archlinux kernel: clocksource: acpi_pm: mask: 0xffffff max_cycles: 0xffffff, max_idle_ns: 2085701024 ns
Jan 06 14:38:25 archlinux kernel: NET: Registered PF_INET protocol family
Jan 06 14:38:25 archlinux kernel: IP idents hash table entries: 262144 (order: 9, 2097152 bytes, linear)
Jan 06 14:38:25 archlinux kernel: tcp_listen_portaddr_hash hash table entries: 32768 (order: 7, 524288 bytes, linear)
Jan 06 14:38:25 archlinux kernel: Table-perturb hash table entries: 65536 (order: 6, 262144 bytes, linear)
Jan 06 14:38:25 archlinux kernel: TCP established hash table entries: 524288 (order: 10, 4194304 bytes, linear)
Jan 06 14:38:25 archlinux kernel: TCP bind hash table entries: 65536 (order: 9, 2097152 bytes, linear)
Jan 06 14:38:25 archlinux kernel: TCP: Hash tables configured (established 524288 bind 65536)
Jan 06 14:38:25 archlinux kernel: MPTCP token hash table entries: 65536 (order: 8, 1572864 bytes, linear)
Jan 06 14:38:25 archlinux kernel: UDP hash table entries: 32768 (order: 8, 1048576 bytes, linear)
Jan 06 14:38:25 archlinux kernel: UDP-Lite hash table entries: 32768 (order: 8, 1048576 bytes, linear)
Jan 06 14:38:25 archlinux kernel: NET: Registered PF_UNIX/PF_LOCAL protocol family
Jan 06 14:38:25 archlinux kernel: NET: Registered PF_XDP protocol family
Jan 06 14:38:25 archlinux kernel: pci 0000:00:01.1: PCI bridge to [bus 01]
Jan 06 14:38:25 archlinux kernel: pci 0000:00:01.1:   bridge window [mem 0xfcf00000-0xfcffffff]
Jan 06 14:38:25 archlinux kernel: pci 0000:03:00.0: PCI bridge to [bus 04]
Jan 06 14:38:25 archlinux kernel: pci 0000:03:04.0: PCI bridge to [bus 05]
Jan 06 14:38:25 archlinux kernel: pci 0000:03:04.0:   bridge window [mem 0xfc700000-0xfc7fffff]
Jan 06 14:38:25 archlinux kernel: pci 0000:03:06.0: PCI bridge to [bus 06]
Jan 06 14:38:25 archlinux kernel: pci 0000:03:07.0: PCI bridge to [bus 07]
Jan 06 14:38:25 archlinux kernel: pci 0000:03:07.0:   bridge window [io  0xe000-0xefff]
Jan 06 14:38:25 archlinux kernel: pci 0000:03:07.0:   bridge window [mem 0xfc600000-0xfc6fffff]
Jan 06 14:38:25 archlinux kernel: pci 0000:03:09.0: PCI bridge to [bus 08]
Jan 06 14:38:25 archlinux kernel: pci 0000:03:09.0:   bridge window [mem 0xfc500000-0xfc5fffff]
Jan 06 14:38:25 archlinux kernel: pci 0000:02:00.2: PCI bridge to [bus 03-08]
Jan 06 14:38:25 archlinux kernel: pci 0000:02:00.2:   bridge window [io  0xe000-0xefff]
Jan 06 14:38:25 archlinux kernel: pci 0000:02:00.2:   bridge window [mem 0xfc500000-0xfc7fffff]
Jan 06 14:38:25 archlinux kernel: pci 0000:00:01.3: PCI bridge to [bus 02-08]
Jan 06 14:38:25 archlinux kernel: pci 0000:00:01.3:   bridge window [io  0xe000-0xefff]
Jan 06 14:38:25 archlinux kernel: pci 0000:00:01.3:   bridge window [mem 0xfc500000-0xfc8fffff]
Jan 06 14:38:25 archlinux kernel: pci 0000:0a:00.0: PCI bridge to [bus 0b]
Jan 06 14:38:25 archlinux kernel: pci 0000:0a:00.0:   bridge window [io  0xd000-0xdfff]
Jan 06 14:38:25 archlinux kernel: pci 0000:0a:00.0:   bridge window [mem 0xfcc00000-0xfcdfffff]
Jan 06 14:38:25 archlinux kernel: pci 0000:0a:00.0:   bridge window [mem 0xe0000000-0xf01fffff 64bit pref]
Jan 06 14:38:25 archlinux kernel: pci 0000:09:00.0: PCI bridge to [bus 0a-0b]
Jan 06 14:38:25 archlinux kernel: pci 0000:09:00.0:   bridge window [io  0xd000-0xdfff]
Jan 06 14:38:25 archlinux kernel: pci 0000:09:00.0:   bridge window [mem 0xfcc00000-0xfcdfffff]
Jan 06 14:38:25 archlinux kernel: pci 0000:09:00.0:   bridge window [mem 0xe0000000-0xf01fffff 64bit pref]
Jan 06 14:38:25 archlinux kernel: pci 0000:00:03.1: PCI bridge to [bus 09-0b]
Jan 06 14:38:25 archlinux kernel: pci 0000:00:03.1:   bridge window [io  0xd000-0xdfff]
Jan 06 14:38:25 archlinux kernel: pci 0000:00:03.1:   bridge window [mem 0xfcc00000-0xfcefffff]
Jan 06 14:38:25 archlinux kernel: pci 0000:00:03.1:   bridge window [mem 0xe0000000-0xf01fffff 64bit pref]
Jan 06 14:38:25 archlinux kernel: pci 0000:00:07.1: PCI bridge to [bus 0c]
Jan 06 14:38:25 archlinux kernel: pci 0000:00:08.1: PCI bridge to [bus 0d]
Jan 06 14:38:25 archlinux kernel: pci 0000:00:08.1:   bridge window [mem 0xfc900000-0xfcbfffff]
Jan 06 14:38:25 archlinux kernel: pci_bus 0000:00: resource 4 [io  0x0000-0x03af window]
Jan 06 14:38:25 archlinux kernel: pci_bus 0000:00: resource 5 [io  0x03e0-0x0cf7 window]
Jan 06 14:38:25 archlinux kernel: pci_bus 0000:00: resource 6 [io  0x03b0-0x03df window]
Jan 06 14:38:25 archlinux kernel: pci_bus 0000:00: resource 7 [io  0x0d00-0xefff window]
Jan 06 14:38:25 archlinux kernel: pci_bus 0000:00: resource 8 [mem 0x000a0000-0x000dffff window]
Jan 06 14:38:25 archlinux kernel: pci_bus 0000:00: resource 9 [mem 0xd0000000-0xfec2ffff window]
Jan 06 14:38:25 archlinux kernel: pci_bus 0000:00: resource 10 [mem 0xfee00000-0xffffffff window]
Jan 06 14:38:25 archlinux kernel: pci_bus 0000:01: resource 1 [mem 0xfcf00000-0xfcffffff]
Jan 06 14:38:25 archlinux kernel: pci_bus 0000:02: resource 0 [io  0xe000-0xefff]
Jan 06 14:38:25 archlinux kernel: pci_bus 0000:02: resource 1 [mem 0xfc500000-0xfc8fffff]
Jan 06 14:38:25 archlinux kernel: pci_bus 0000:03: resource 0 [io  0xe000-0xefff]
Jan 06 14:38:25 archlinux kernel: pci_bus 0000:03: resource 1 [mem 0xfc500000-0xfc7fffff]
Jan 06 14:38:25 archlinux kernel: pci_bus 0000:05: resource 1 [mem 0xfc700000-0xfc7fffff]
Jan 06 14:38:25 archlinux kernel: pci_bus 0000:07: resource 0 [io  0xe000-0xefff]
Jan 06 14:38:25 archlinux kernel: pci_bus 0000:07: resource 1 [mem 0xfc600000-0xfc6fffff]
Jan 06 14:38:25 archlinux kernel: pci_bus 0000:08: resource 1 [mem 0xfc500000-0xfc5fffff]
Jan 06 14:38:25 archlinux kernel: pci_bus 0000:09: resource 0 [io  0xd000-0xdfff]
Jan 06 14:38:25 archlinux kernel: pci_bus 0000:09: resource 1 [mem 0xfcc00000-0xfcefffff]
Jan 06 14:38:25 archlinux kernel: pci_bus 0000:09: resource 2 [mem 0xe0000000-0xf01fffff 64bit pref]
Jan 06 14:38:25 archlinux kernel: pci_bus 0000:0a: resource 0 [io  0xd000-0xdfff]
Jan 06 14:38:25 archlinux kernel: pci_bus 0000:0a: resource 1 [mem 0xfcc00000-0xfcdfffff]
Jan 06 14:38:25 archlinux kernel: pci_bus 0000:0a: resource 2 [mem 0xe0000000-0xf01fffff 64bit pref]
Jan 06 14:38:25 archlinux kernel: pci_bus 0000:0b: resource 0 [io  0xd000-0xdfff]
Jan 06 14:38:25 archlinux kernel: pci_bus 0000:0b: resource 1 [mem 0xfcc00000-0xfcdfffff]
Jan 06 14:38:25 archlinux kernel: pci_bus 0000:0b: resource 2 [mem 0xe0000000-0xf01fffff 64bit pref]
Jan 06 14:38:25 archlinux kernel: pci_bus 0000:0d: resource 1 [mem 0xfc900000-0xfcbfffff]
Jan 06 14:38:25 archlinux kernel: pci 0000:0b:00.1: D0 power state depends on 0000:0b:00.0
Jan 06 14:38:25 archlinux kernel: PCI: CLS 64 bytes, default 64
Jan 06 14:38:25 archlinux kernel: pci 0000:00:00.2: AMD-Vi: IOMMU performance counters supported
Jan 06 14:38:25 archlinux kernel: Trying to unpack rootfs image as initramfs...
Jan 06 14:38:25 archlinux kernel: pci 0000:00:01.0: Adding to iommu group 0
Jan 06 14:38:25 archlinux kernel: pci 0000:00:01.1: Adding to iommu group 1
Jan 06 14:38:25 archlinux kernel: pci 0000:00:01.3: Adding to iommu group 2
Jan 06 14:38:25 archlinux kernel: pci 0000:00:02.0: Adding to iommu group 3
Jan 06 14:38:25 archlinux kernel: pci 0000:00:03.0: Adding to iommu group 4
Jan 06 14:38:25 archlinux kernel: pci 0000:00:03.1: Adding to iommu group 5
Jan 06 14:38:25 archlinux kernel: pci 0000:00:04.0: Adding to iommu group 6
Jan 06 14:38:25 archlinux kernel: pci 0000:00:05.0: Adding to iommu group 7
Jan 06 14:38:25 archlinux kernel: pci 0000:00:07.0: Adding to iommu group 8
Jan 06 14:38:25 archlinux kernel: pci 0000:00:07.1: Adding to iommu group 9
Jan 06 14:38:25 archlinux kernel: pci 0000:00:08.0: Adding to iommu group 10
Jan 06 14:38:25 archlinux kernel: pci 0000:00:08.1: Adding to iommu group 11
Jan 06 14:38:25 archlinux kernel: pci 0000:00:14.0: Adding to iommu group 12
Jan 06 14:38:25 archlinux kernel: pci 0000:00:14.3: Adding to iommu group 12
Jan 06 14:38:25 archlinux kernel: pci 0000:00:18.0: Adding to iommu group 13
Jan 06 14:38:25 archlinux kernel: pci 0000:00:18.1: Adding to iommu group 13
Jan 06 14:38:25 archlinux kernel: pci 0000:00:18.2: Adding to iommu group 13
Jan 06 14:38:25 archlinux kernel: pci 0000:00:18.3: Adding to iommu group 13
Jan 06 14:38:25 archlinux kernel: pci 0000:00:18.4: Adding to iommu group 13
Jan 06 14:38:25 archlinux kernel: pci 0000:00:18.5: Adding to iommu group 13
Jan 06 14:38:25 archlinux kernel: pci 0000:00:18.6: Adding to iommu group 13
Jan 06 14:38:25 archlinux kernel: pci 0000:00:18.7: Adding to iommu group 13
Jan 06 14:38:25 archlinux kernel: pci 0000:01:00.0: Adding to iommu group 14
Jan 06 14:38:25 archlinux kernel: pci 0000:02:00.0: Adding to iommu group 15
Jan 06 14:38:25 archlinux kernel: pci 0000:02:00.1: Adding to iommu group 15
Jan 06 14:38:25 archlinux kernel: pci 0000:02:00.2: Adding to iommu group 15
Jan 06 14:38:25 archlinux kernel: pci 0000:03:00.0: Adding to iommu group 15
Jan 06 14:38:25 archlinux kernel: pci 0000:03:04.0: Adding to iommu group 15
Jan 06 14:38:25 archlinux kernel: pci 0000:03:06.0: Adding to iommu group 15
Jan 06 14:38:25 archlinux kernel: pci 0000:03:07.0: Adding to iommu group 15
Jan 06 14:38:25 archlinux kernel: pci 0000:03:09.0: Adding to iommu group 15
Jan 06 14:38:25 archlinux kernel: pci 0000:05:00.0: Adding to iommu group 15
Jan 06 14:38:25 archlinux kernel: pci 0000:07:00.0: Adding to iommu group 15
Jan 06 14:38:25 archlinux kernel: pci 0000:08:00.0: Adding to iommu group 15
Jan 06 14:38:25 archlinux kernel: pci 0000:09:00.0: Adding to iommu group 16
Jan 06 14:38:25 archlinux kernel: pci 0000:0a:00.0: Adding to iommu group 17
Jan 06 14:38:25 archlinux kernel: pci 0000:0b:00.0: Adding to iommu group 18
Jan 06 14:38:25 archlinux kernel: pci 0000:0b:00.1: Adding to iommu group 19
Jan 06 14:38:25 archlinux kernel: pci 0000:0c:00.0: Adding to iommu group 20
Jan 06 14:38:25 archlinux kernel: pci 0000:0d:00.0: Adding to iommu group 21
Jan 06 14:38:25 archlinux kernel: pci 0000:0d:00.1: Adding to iommu group 22
Jan 06 14:38:25 archlinux kernel: pci 0000:0d:00.3: Adding to iommu group 23
Jan 06 14:38:25 archlinux kernel: pci 0000:0d:00.4: Adding to iommu group 24
Jan 06 14:38:25 archlinux kernel: pci 0000:00:00.2: AMD-Vi: Found IOMMU cap 0x40
Jan 06 14:38:25 archlinux kernel: AMD-Vi: Extended features (0x58f77ef22294a5a, 0x0): PPR NX GT IA PC GA_vAPIC
Jan 06 14:38:25 archlinux kernel: AMD-Vi: Interrupt remapping enabled
Jan 06 14:38:25 archlinux kernel: PCI-DMA: Using software bounce buffering for IO (SWIOTLB)
Jan 06 14:38:25 archlinux kernel: software IO TLB: mapped [mem 0x00000000b92a3000-0x00000000bd2a3000] (64MB)
Jan 06 14:38:25 archlinux kernel: LVT offset 0 assigned for vector 0x400
Jan 06 14:38:25 archlinux kernel: perf: AMD IBS detected (0x000003ff)
Jan 06 14:38:25 archlinux kernel: perf/amd_iommu: Detected AMD IOMMU #0 (2 banks, 4 counters/bank).
Jan 06 14:38:25 archlinux kernel: Initialise system trusted keyrings
Jan 06 14:38:25 archlinux kernel: Key type blacklist registered
Jan 06 14:38:25 archlinux kernel: workingset: timestamp_bits=41 max_order=24 bucket_order=0
Jan 06 14:38:25 archlinux kernel: zbud: loaded
Jan 06 14:38:25 archlinux kernel: integrity: Platform Keyring initialized
Jan 06 14:38:25 archlinux kernel: integrity: Machine keyring initialized
Jan 06 14:38:25 archlinux kernel: Key type asymmetric registered
Jan 06 14:38:25 archlinux kernel: Asymmetric key parser 'x509' registered
Jan 06 14:38:25 archlinux kernel: Freeing initrd memory: 15156K
Jan 06 14:38:25 archlinux kernel: alg: self-tests for CTR-KDF (hmac(sha256)) passed
Jan 06 14:38:25 archlinux kernel: Block layer SCSI generic (bsg) driver version 0.4 loaded (major 242)
Jan 06 14:38:25 archlinux kernel: io scheduler mq-deadline registered
Jan 06 14:38:25 archlinux kernel: io scheduler kyber registered
Jan 06 14:38:25 archlinux kernel: io scheduler bfq registered
Jan 06 14:38:25 archlinux kernel: pcieport 0000:00:01.1: AER: enabled with IRQ 29
Jan 06 14:38:25 archlinux kernel: pcieport 0000:00:01.3: AER: enabled with IRQ 30
Jan 06 14:38:25 archlinux kernel: pcieport 0000:00:03.1: AER: enabled with IRQ 31
Jan 06 14:38:25 archlinux kernel: pcieport 0000:00:07.1: AER: enabled with IRQ 32
Jan 06 14:38:25 archlinux kernel: pcieport 0000:00:08.1: AER: enabled with IRQ 33
Jan 06 14:38:25 archlinux kernel: shpchp: Standard Hot Plug PCI Controller Driver version: 0.4
Jan 06 14:38:25 archlinux kernel: input: Power Button as /devices/LNXSYSTM:00/LNXSYBUS:00/PNP0C0C:00/input/input0
Jan 06 14:38:25 archlinux kernel: ACPI: button: Power Button [PWRB]
Jan 06 14:38:25 archlinux kernel: input: Power Button as /devices/LNXSYSTM:00/LNXPWRBN:00/input/input1
Jan 06 14:38:25 archlinux kernel: ACPI: button: Power Button [PWRF]
Jan 06 14:38:25 archlinux kernel: Estimated ratio of average max frequency by base frequency (times 1024): 1277
Jan 06 14:38:25 archlinux kernel: Monitor-Mwait will be used to enter C-1 state
Jan 06 14:38:25 archlinux kernel: ACPI: \_PR_.C000: Found 2 idle states
Jan 06 14:38:25 archlinux kernel: ACPI: \_PR_.C002: Found 2 idle states
Jan 06 14:38:25 archlinux kernel: ACPI: \_PR_.C004: Found 2 idle states
Jan 06 14:38:25 archlinux kernel: ACPI: \_PR_.C006: Found 2 idle states
Jan 06 14:38:25 archlinux kernel: ACPI: \_PR_.C008: Found 2 idle states
Jan 06 14:38:25 archlinux kernel: ACPI: \_PR_.C00A: Found 2 idle states
Jan 06 14:38:25 archlinux kernel: ACPI: \_PR_.C00C: Found 2 idle states
Jan 06 14:38:25 archlinux kernel: ACPI: \_PR_.C00E: Found 2 idle states
Jan 06 14:38:25 archlinux kernel: ACPI: \_PR_.C010: Found 2 idle states
Jan 06 14:38:25 archlinux kernel: ACPI: \_PR_.C012: Found 2 idle states
Jan 06 14:38:25 archlinux kernel: ACPI: \_PR_.C014: Found 2 idle states
Jan 06 14:38:25 archlinux kernel: ACPI: \_PR_.C016: Found 2 idle states
Jan 06 14:38:25 archlinux kernel: ACPI: \_PR_.C018: Found 2 idle states
Jan 06 14:38:25 archlinux kernel: ACPI: \_PR_.C01A: Found 2 idle states
Jan 06 14:38:25 archlinux kernel: ACPI: \_PR_.C01C: Found 2 idle states
Jan 06 14:38:25 archlinux kernel: ACPI: \_PR_.C01E: Found 2 idle states
Jan 06 14:38:25 archlinux kernel: ACPI: \_PR_.C001: Found 2 idle states
Jan 06 14:38:25 archlinux kernel: ACPI: \_PR_.C003: Found 2 idle states
Jan 06 14:38:25 archlinux kernel: ACPI: \_PR_.C005: Found 2 idle states
Jan 06 14:38:25 archlinux kernel: ACPI: \_PR_.C007: Found 2 idle states
Jan 06 14:38:25 archlinux kernel: ACPI: \_PR_.C009: Found 2 idle states
Jan 06 14:38:25 archlinux kernel: ACPI: \_PR_.C00B: Found 2 idle states
Jan 06 14:38:25 archlinux kernel: ACPI: \_PR_.C00D: Found 2 idle states
Jan 06 14:38:25 archlinux kernel: ACPI: \_PR_.C00F: Found 2 idle states
Jan 06 14:38:25 archlinux kernel: ACPI: \_PR_.C011: Found 2 idle states
Jan 06 14:38:25 archlinux kernel: ACPI: \_PR_.C013: Found 2 idle states
Jan 06 14:38:25 archlinux kernel: ACPI: \_PR_.C015: Found 2 idle states
Jan 06 14:38:25 archlinux kernel: ACPI: \_PR_.C017: Found 2 idle states
Jan 06 14:38:25 archlinux kernel: ACPI: \_PR_.C019: Found 2 idle states
Jan 06 14:38:25 archlinux kernel: ACPI: \_PR_.C01B: Found 2 idle states
Jan 06 14:38:25 archlinux kernel: ACPI: \_PR_.C01D: Found 2 idle states
Jan 06 14:38:25 archlinux kernel: ACPI: \_PR_.C01F: Found 2 idle states
Jan 06 14:38:25 archlinux kernel: Serial: 8250/16550 driver, 32 ports, IRQ sharing enabled
Jan 06 14:38:25 archlinux kernel: 00:04: ttyS0 at I/O 0x3f8 (irq = 4, base_baud = 115200) is a 16550A
Jan 06 14:38:25 archlinux kernel: Non-volatile memory driver v1.3
Jan 06 14:38:25 archlinux kernel: Linux agpgart interface v0.103
Jan 06 14:38:25 archlinux kernel: AMD-Vi: AMD IOMMUv2 loaded and initialized
Jan 06 14:38:25 archlinux kernel: ahci 0000:02:00.1: version 3.0
Jan 06 14:38:25 archlinux kernel: ahci 0000:02:00.1: SSS flag set, parallel bus scan disabled
Jan 06 14:38:25 archlinux kernel: ahci 0000:02:00.1: AHCI 0001.0301 32 slots 8 ports 6 Gbps 0xff impl SATA mode
Jan 06 14:38:25 archlinux kernel: ahci 0000:02:00.1: flags: 64bit ncq sntf stag pm led clo only pmp pio slum part sxs deso sadm sds apst 
Jan 06 14:38:25 archlinux kernel: scsi host0: ahci
Jan 06 14:38:25 archlinux kernel: scsi host1: ahci
Jan 06 14:38:25 archlinux kernel: scsi host2: ahci
Jan 06 14:38:25 archlinux kernel: scsi host3: ahci
Jan 06 14:38:25 archlinux kernel: scsi host4: ahci
Jan 06 14:38:25 archlinux kernel: scsi host5: ahci
Jan 06 14:38:25 archlinux kernel: scsi host6: ahci
Jan 06 14:38:25 archlinux kernel: scsi host7: ahci
Jan 06 14:38:25 archlinux kernel: ata1: SATA max UDMA/133 abar m131072@0xfc880000 port 0xfc880100 irq 44
Jan 06 14:38:25 archlinux kernel: ata2: SATA max UDMA/133 abar m131072@0xfc880000 port 0xfc880180 irq 44
Jan 06 14:38:25 archlinux kernel: ata3: SATA max UDMA/133 abar m131072@0xfc880000 port 0xfc880200 irq 44
Jan 06 14:38:25 archlinux kernel: ata4: SATA max UDMA/133 abar m131072@0xfc880000 port 0xfc880280 irq 44
Jan 06 14:38:25 archlinux kernel: ata5: SATA max UDMA/133 abar m131072@0xfc880000 port 0xfc880300 irq 44
Jan 06 14:38:25 archlinux kernel: ata6: SATA max UDMA/133 abar m131072@0xfc880000 port 0xfc880380 irq 44
Jan 06 14:38:25 archlinux kernel: ata7: SATA max UDMA/133 abar m131072@0xfc880000 port 0xfc880400 irq 44
Jan 06 14:38:25 archlinux kernel: ata8: SATA max UDMA/133 abar m131072@0xfc880000 port 0xfc880480 irq 44
Jan 06 14:38:25 archlinux kernel: ACPI: bus type drm_connector registered
Jan 06 14:38:25 archlinux kernel: usbcore: registered new interface driver usbserial_generic
Jan 06 14:38:25 archlinux kernel: usbserial: USB Serial support registered for generic
Jan 06 14:38:25 archlinux kernel: rtc_cmos 00:02: RTC can wake from S4
Jan 06 14:38:25 archlinux kernel: rtc_cmos 00:02: registered as rtc0
Jan 06 14:38:25 archlinux kernel: rtc_cmos 00:02: setting system clock to 2023-01-06T13:38:21 UTC (1673012301)
Jan 06 14:38:25 archlinux kernel: rtc_cmos 00:02: alarms up to one month, y3k, 114 bytes nvram, hpet irqs
Jan 06 14:38:25 archlinux kernel: ledtrig-cpu: registered to indicate activity on CPUs
Jan 06 14:38:25 archlinux kernel: efifb: probing for efifb
Jan 06 14:38:25 archlinux kernel: efifb: framebuffer at 0xe0000000, using 3072k, total 3072k
Jan 06 14:38:25 archlinux kernel: efifb: mode is 1024x768x32, linelength=4096, pages=1
Jan 06 14:38:25 archlinux kernel: efifb: scrolling: redraw
Jan 06 14:38:25 archlinux kernel: efifb: Truecolor: size=8:8:8:8, shift=24:16:8:0
Jan 06 14:38:25 archlinux kernel: fbcon: Deferring console take-over
Jan 06 14:38:25 archlinux kernel: fb0: EFI VGA frame buffer device
Jan 06 14:38:25 archlinux kernel: hid: raw HID events driver (C) Jiri Kosina
Jan 06 14:38:25 archlinux kernel: drop_monitor: Initializing network drop monitor service
Jan 06 14:38:25 archlinux kernel: Initializing XFRM netlink socket
Jan 06 14:38:25 archlinux kernel: NET: Registered PF_INET6 protocol family
Jan 06 14:38:25 archlinux kernel: Segment Routing with IPv6
Jan 06 14:38:25 archlinux kernel: RPL Segment Routing with IPv6
Jan 06 14:38:25 archlinux kernel: In-situ OAM (IOAM) with IPv6
Jan 06 14:38:25 archlinux kernel: NET: Registered PF_PACKET protocol family
Jan 06 14:38:25 archlinux kernel: microcode: CPU0: patch_level=0x0a201016
Jan 06 14:38:25 archlinux kernel: microcode: CPU1: patch_level=0x0a201016
Jan 06 14:38:25 archlinux kernel: microcode: CPU2: patch_level=0x0a201016
Jan 06 14:38:25 archlinux kernel: microcode: CPU3: patch_level=0x0a201016
Jan 06 14:38:25 archlinux kernel: microcode: CPU4: patch_level=0x0a201016
Jan 06 14:38:25 archlinux kernel: microcode: CPU5: patch_level=0x0a201016
Jan 06 14:38:25 archlinux kernel: microcode: CPU6: patch_level=0x0a201016
Jan 06 14:38:25 archlinux kernel: microcode: CPU7: patch_level=0x0a201016
Jan 06 14:38:25 archlinux kernel: microcode: CPU8: patch_level=0x0a201016
Jan 06 14:38:25 archlinux kernel: microcode: CPU9: patch_level=0x0a201016
Jan 06 14:38:25 archlinux kernel: microcode: CPU10: patch_level=0x0a201016
Jan 06 14:38:25 archlinux kernel: microcode: CPU11: patch_level=0x0a201016
Jan 06 14:38:25 archlinux kernel: microcode: CPU12: patch_level=0x0a201016
Jan 06 14:38:25 archlinux kernel: microcode: CPU13: patch_level=0x0a201016
Jan 06 14:38:25 archlinux kernel: microcode: CPU14: patch_level=0x0a201016
Jan 06 14:38:25 archlinux kernel: microcode: CPU15: patch_level=0x0a201016
Jan 06 14:38:25 archlinux kernel: microcode: CPU16: patch_level=0x0a201016
Jan 06 14:38:25 archlinux kernel: microcode: CPU17: patch_level=0x0a201016
Jan 06 14:38:25 archlinux kernel: microcode: CPU18: patch_level=0x0a201016
Jan 06 14:38:25 archlinux kernel: microcode: CPU19: patch_level=0x0a201016
Jan 06 14:38:25 archlinux kernel: microcode: CPU20: patch_level=0x0a201016
Jan 06 14:38:25 archlinux kernel: microcode: CPU21: patch_level=0x0a201016
Jan 06 14:38:25 archlinux kernel: microcode: CPU22: patch_level=0x0a201016
Jan 06 14:38:25 archlinux kernel: microcode: CPU23: patch_level=0x0a201016
Jan 06 14:38:25 archlinux kernel: microcode: CPU24: patch_level=0x0a201016
Jan 06 14:38:25 archlinux kernel: microcode: CPU25: patch_level=0x0a201016
Jan 06 14:38:25 archlinux kernel: microcode: CPU26: patch_level=0x0a201016
Jan 06 14:38:25 archlinux kernel: microcode: CPU27: patch_level=0x0a201016
Jan 06 14:38:25 archlinux kernel: microcode: CPU28: patch_level=0x0a201016
Jan 06 14:38:25 archlinux kernel: microcode: CPU29: patch_level=0x0a201016
Jan 06 14:38:25 archlinux kernel: microcode: CPU30: patch_level=0x0a201016
Jan 06 14:38:25 archlinux kernel: microcode: CPU31: patch_level=0x0a201016
Jan 06 14:38:25 archlinux kernel: microcode: Microcode Update Driver: v2.2.
Jan 06 14:38:25 archlinux kernel: resctrl: L3 allocation detected
Jan 06 14:38:25 archlinux kernel: resctrl: MB allocation detected
Jan 06 14:38:25 archlinux kernel: resctrl: L3 monitoring detected
Jan 06 14:38:25 archlinux kernel: IPI shorthand broadcast: enabled
Jan 06 14:38:25 archlinux kernel: sched_clock: Marking stable (431868254, 316230070)->(971468233, -223369909)
Jan 06 14:38:25 archlinux kernel: registered taskstats version 1
Jan 06 14:38:25 archlinux kernel: Loading compiled-in X.509 certificates
Jan 06 14:38:25 archlinux kernel: Loaded X.509 cert 'Build time autogenerated kernel key: 4c77d19d3c96e4402a42fd14fd71121f522597b2'
Jan 06 14:38:25 archlinux kernel: zswap: loaded using pool lz4/z3fold
Jan 06 14:38:25 archlinux kernel: Key type .fscrypt registered
Jan 06 14:38:25 archlinux kernel: Key type fscrypt-provisioning registered
Jan 06 14:38:25 archlinux kernel: integrity: Loading X.509 certificate: UEFI:db
Jan 06 14:38:25 archlinux kernel: integrity: Loaded X.509 cert 'ASUSTeK MotherBoard SW Key Certificate: da83b990422ebc8c441f8d8b039a65a2'
Jan 06 14:38:25 archlinux kernel: integrity: Loading X.509 certificate: UEFI:db
Jan 06 14:38:25 archlinux kernel: integrity: Loaded X.509 cert 'ASUSTeK Notebook SW Key Certificate: b8e581e4df77a5bb4282d5ccfc00c071'
Jan 06 14:38:25 archlinux kernel: integrity: Loading X.509 certificate: UEFI:db
Jan 06 14:38:25 archlinux kernel: integrity: Loaded X.509 cert 'Microsoft Corporation UEFI CA 2011: 13adbf4309bd82709c8cd54f316ed522988a1bd4'
Jan 06 14:38:25 archlinux kernel: integrity: Loading X.509 certificate: UEFI:db
Jan 06 14:38:25 archlinux kernel: integrity: Loaded X.509 cert 'Microsoft Windows Production PCA 2011: a92902398e16c49778cd90f99e4f9ae17c55af53'
Jan 06 14:38:25 archlinux kernel: integrity: Loading X.509 certificate: UEFI:db
Jan 06 14:38:25 archlinux kernel: integrity: Loaded X.509 cert 'Canonical Ltd. Master Certificate Authority: ad91990bc22ab1f517048c23b6655a268e345a63'
Jan 06 14:38:25 archlinux kernel: PM:   Magic number: 7:378:634
Jan 06 14:38:25 archlinux kernel: RAS: Correctable Errors collector initialized.
Jan 06 14:38:25 archlinux kernel: ata1: SATA link up 6.0 Gbps (SStatus 133 SControl 300)
Jan 06 14:38:25 archlinux kernel: ata1.00: ATA-10: WDC WD40EZRZ-00GXCB0, 80.00A80, max UDMA/133
Jan 06 14:38:25 archlinux kernel: ata1.00: 7814037168 sectors, multi 16: LBA48 NCQ (depth 32), AA
Jan 06 14:38:25 archlinux kernel: ata1.00: configured for UDMA/133
Jan 06 14:38:25 archlinux kernel: scsi 0:0:0:0: Direct-Access     ATA      WDC WD40EZRZ-00G 0A80 PQ: 0 ANSI: 5
Jan 06 14:38:25 archlinux kernel: sd 0:0:0:0: [sda] 7814037168 512-byte logical blocks: (4.00 TB/3.64 TiB)
Jan 06 14:38:25 archlinux kernel: sd 0:0:0:0: [sda] 4096-byte physical blocks
Jan 06 14:38:25 archlinux kernel: sd 0:0:0:0: [sda] Write Protect is off
Jan 06 14:38:25 archlinux kernel: sd 0:0:0:0: [sda] Mode Sense: 00 3a 00 00
Jan 06 14:38:25 archlinux kernel: sd 0:0:0:0: [sda] Write cache: enabled, read cache: enabled, doesn't support DPO or FUA
Jan 06 14:38:25 archlinux kernel: sd 0:0:0:0: [sda] Preferred minimum I/O size 4096 bytes
Jan 06 14:38:25 archlinux kernel:  sda: sda1
Jan 06 14:38:25 archlinux kernel: sd 0:0:0:0: [sda] Attached SCSI disk
Jan 06 14:38:25 archlinux kernel: ata2: SATA link up 6.0 Gbps (SStatus 133 SControl 300)
Jan 06 14:38:25 archlinux kernel: ata2.00: supports DRM functions and may not be fully accessible
Jan 06 14:38:25 archlinux kernel: ata2.00: ATA-9: Samsung SSD 850 PRO 256GB, EXM02B6Q, max UDMA/133
Jan 06 14:38:25 archlinux kernel: ata2.00: 500118192 sectors, multi 1: LBA48 NCQ (depth 32), AA
Jan 06 14:38:25 archlinux kernel: ata2.00: Features: Trust Dev-Sleep NCQ-sndrcv
Jan 06 14:38:25 archlinux kernel: ata2.00: supports DRM functions and may not be fully accessible
Jan 06 14:38:25 archlinux kernel: tsc: Refined TSC clocksource calibration: 3399.998 MHz
Jan 06 14:38:25 archlinux kernel: clocksource: tsc: mask: 0xffffffffffffffff max_cycles: 0x31024cfe468, max_idle_ns: 440795307017 ns
Jan 06 14:38:25 archlinux kernel: clocksource: Switched to clocksource tsc
Jan 06 14:38:25 archlinux kernel: ata2.00: configured for UDMA/133
Jan 06 14:38:25 archlinux kernel: scsi 1:0:0:0: Direct-Access     ATA      Samsung SSD 850  2B6Q PQ: 0 ANSI: 5
Jan 06 14:38:25 archlinux kernel: sd 1:0:0:0: [sdb] 500118192 512-byte logical blocks: (256 GB/238 GiB)
Jan 06 14:38:25 archlinux kernel: sd 1:0:0:0: [sdb] Write Protect is off
Jan 06 14:38:25 archlinux kernel: sd 1:0:0:0: [sdb] Mode Sense: 00 3a 00 00
Jan 06 14:38:25 archlinux kernel: sd 1:0:0:0: [sdb] Write cache: enabled, read cache: enabled, doesn't support DPO or FUA
Jan 06 14:38:25 archlinux kernel: sd 1:0:0:0: [sdb] Preferred minimum I/O size 512 bytes
Jan 06 14:38:25 archlinux kernel:  sdb: sdb1 sdb2 sdb3 sdb4
Jan 06 14:38:25 archlinux kernel: sd 1:0:0:0: [sdb] supports TCG Opal
Jan 06 14:38:25 archlinux kernel: sd 1:0:0:0: [sdb] Attached SCSI disk
Jan 06 14:38:25 archlinux kernel: ata3: SATA link down (SStatus 0 SControl 330)
Jan 06 14:38:25 archlinux kernel: ata4: SATA link down (SStatus 0 SControl 330)
Jan 06 14:38:25 archlinux kernel: ata5: SATA link down (SStatus 0 SControl 330)
Jan 06 14:38:25 archlinux kernel: ata6: SATA link up 6.0 Gbps (SStatus 133 SControl 300)
Jan 06 14:38:25 archlinux kernel: ata6.00: supports DRM functions and may not be fully accessible
Jan 06 14:38:25 archlinux kernel: ata6.00: ATA-9: Crucial_CT256MX100SSD1, MU01, max UDMA/133
Jan 06 14:38:25 archlinux kernel: ata6.00: 500118192 sectors, multi 16: LBA48 NCQ (depth 32), AA
Jan 06 14:38:25 archlinux kernel: ata6.00: Features: Trust Dev-Sleep NCQ-sndrcv NCQ-prio
Jan 06 14:38:25 archlinux kernel: ata6.00: supports DRM functions and may not be fully accessible
Jan 06 14:38:25 archlinux kernel: ata6.00: configured for UDMA/133
Jan 06 14:38:25 archlinux kernel: scsi 5:0:0:0: Direct-Access     ATA      Crucial_CT256MX1 MU01 PQ: 0 ANSI: 5
Jan 06 14:38:25 archlinux kernel: ata6.00: Enabling discard_zeroes_data
Jan 06 14:38:25 archlinux kernel: sd 5:0:0:0: [sdc] 500118192 512-byte logical blocks: (256 GB/238 GiB)
Jan 06 14:38:25 archlinux kernel: sd 5:0:0:0: [sdc] 4096-byte physical blocks
Jan 06 14:38:25 archlinux kernel: sd 5:0:0:0: [sdc] Write Protect is off
Jan 06 14:38:25 archlinux kernel: sd 5:0:0:0: [sdc] Mode Sense: 00 3a 00 00
Jan 06 14:38:25 archlinux kernel: sd 5:0:0:0: [sdc] Write cache: enabled, read cache: enabled, doesn't support DPO or FUA
Jan 06 14:38:25 archlinux kernel: sd 5:0:0:0: [sdc] Preferred minimum I/O size 4096 bytes
Jan 06 14:38:25 archlinux kernel: ata6.00: Enabling discard_zeroes_data
Jan 06 14:38:25 archlinux kernel:  sdc: sdc1
Jan 06 14:38:25 archlinux kernel: sd 5:0:0:0: [sdc] supports TCG Opal
Jan 06 14:38:25 archlinux kernel: sd 5:0:0:0: [sdc] Attached SCSI disk
Jan 06 14:38:25 archlinux kernel: ata7: SATA link down (SStatus 0 SControl 330)
Jan 06 14:38:25 archlinux kernel: ata8: failed to resume link (SControl 0)
Jan 06 14:38:25 archlinux kernel: ata8: SATA link down (SStatus 0 SControl 0)
Jan 06 14:38:25 archlinux kernel: Freeing unused decrypted memory: 2036K
Jan 06 14:38:25 archlinux kernel: Freeing unused kernel image (initmem) memory: 2152K
Jan 06 14:38:25 archlinux kernel: Write protecting the kernel read-only data: 32768k
Jan 06 14:38:25 archlinux kernel: Freeing unused kernel image (text/rodata gap) memory: 2040K
Jan 06 14:38:25 archlinux kernel: Freeing unused kernel image (rodata/data gap) memory: 1296K
Jan 06 14:38:25 archlinux kernel: x86/mm: Checked W+X mappings: passed, no W+X pages found.
Jan 06 14:38:25 archlinux kernel: rodata_test: all tests were successful
Jan 06 14:38:25 archlinux kernel: Run /init as init process
Jan 06 14:38:25 archlinux kernel:   with arguments:
Jan 06 14:38:25 archlinux kernel:     /init
Jan 06 14:38:25 archlinux kernel:   with environment:
Jan 06 14:38:25 archlinux kernel:     HOME=/
Jan 06 14:38:25 archlinux kernel:     TERM=linux
Jan 06 14:38:25 archlinux systemd[1]: systemd 252.4-2-arch running in system mode (+PAM +AUDIT -SELINUX -APPARMOR -IMA +SMACK +SECCOMP +GCRYPT +GNUTLS +OPENSSL +ACL +BLKID +CURL +ELFUTILS +FIDO2 +IDN2 -IDN +IPTC +KMOD +LIBCRYPTSETUP +LIBFDISK +PCRE2 -PWQUALITY +P11KIT -QRENCODE +TPM2 +BZIP2 +LZ4 +XZ +ZLIB +ZSTD +BPF_FRAMEWORK +XKBCOMMON +UTMP -SYSVINIT default-hierarchy=unified)
Jan 06 14:38:25 archlinux systemd[1]: Detected architecture x86-64.
Jan 06 14:38:25 archlinux systemd[1]: Running in initrd.
Jan 06 14:38:25 archlinux kernel: fbcon: Taking over console
Jan 06 14:38:25 archlinux systemd[1]: Initializing machine ID from random generator.
Jan 06 14:38:25 archlinux kernel: Console: switching to colour frame buffer device 128x48
Jan 06 14:38:25 archlinux systemd[1]: Queued start job for default target Initrd Default Target.
Jan 06 14:38:25 archlinux systemd[1]: Created slice Slice /system/systemd-cryptsetup.
Jan 06 14:38:25 archlinux systemd[1]: Started Dispatch Password Requests to Console Directory Watch.
Jan 06 14:38:25 archlinux systemd[1]: Reached target Local File Systems.
Jan 06 14:38:25 archlinux systemd[1]: Reached target Path Units.
Jan 06 14:38:25 archlinux systemd[1]: Reached target Slice Units.
Jan 06 14:38:25 archlinux systemd[1]: Reached target Swaps.
Jan 06 14:38:25 archlinux systemd[1]: Reached target Timer Units.
Jan 06 14:38:25 archlinux systemd[1]: Listening on Journal Audit Socket.
Jan 06 14:38:25 archlinux systemd[1]: Listening on Journal Socket (/dev/log).
Jan 06 14:38:25 archlinux systemd[1]: Listening on Journal Socket.
Jan 06 14:38:25 archlinux systemd[1]: Listening on udev Control Socket.
Jan 06 14:38:25 archlinux systemd[1]: Listening on udev Kernel Socket.
Jan 06 14:38:25 archlinux systemd[1]: Reached target Socket Units.
Jan 06 14:38:25 archlinux systemd[1]: Starting Create List of Static Device Nodes...
Jan 06 14:38:25 archlinux systemd[1]: Starting Journal Service...
Jan 06 14:38:25 archlinux systemd[1]: Starting Load Kernel Modules...
Jan 06 14:38:25 archlinux systemd[1]: Starting Coldplug All udev Devices...
Jan 06 14:38:25 archlinux systemd[1]: Finished Create List of Static Device Nodes.
Jan 06 14:38:25 archlinux systemd[1]: Starting Create Static Device Nodes in /dev...
Jan 06 14:38:25 archlinux systemd[1]: Finished Load Kernel Modules.
Jan 06 14:38:25 archlinux systemd[1]: Finished Create Static Device Nodes in /dev.
Jan 06 14:38:25 archlinux systemd[1]: Starting Rule-based Manager for Device Events and Files...
Jan 06 14:38:25 archlinux systemd[1]: Started Rule-based Manager for Device Events and Files.
Jan 06 14:38:25 archlinux kernel: audit: type=1130 audit(1673012305.386:2): pid=1 uid=0 auid=4294967295 ses=4294967295 msg='unit=systemd-udevd comm="systemd" exe="/init" hostname=? addr=? terminal=? res=success'
Jan 06 14:38:25 archlinux systemd-journald[374]: Journal started
Jan 06 14:38:25 archlinux systemd-journald[374]: Runtime Journal (/run/log/journal/eb9ae206dc75438193b4ef786fd251ec) is 8.0M, max 1.2G, 1.2G free.
Jan 06 14:38:25 archlinux audit[1]: SERVICE_START pid=1 uid=0 auid=4294967295 ses=4294967295 msg='unit=systemd-udevd comm="systemd" exe="/init" hostname=? addr=? terminal=? res=success'
Jan 06 14:38:25 archlinux systemd-udevd[383]: Using default interface naming scheme 'v252'.
Jan 06 14:38:25 archlinux audit[1]: SERVICE_START pid=1 uid=0 auid=4294967295 ses=4294967295 msg='unit=systemd-journald comm="systemd" exe="/init" hostname=? addr=? terminal=? res=success'
Jan 06 14:38:25 archlinux systemd[1]: Started Journal Service.
Jan 06 14:38:25 archlinux kernel: audit: type=1130 audit(1673012305.399:3): pid=1 uid=0 auid=4294967295 ses=4294967295 msg='unit=systemd-journald comm="systemd" exe="/init" hostname=? addr=? terminal=? res=success'
Jan 06 14:38:25 archlinux systemd[1]: Finished Coldplug All udev Devices.
Jan 06 14:38:25 archlinux audit[1]: SERVICE_START pid=1 uid=0 auid=4294967295 ses=4294967295 msg='unit=systemd-udev-trigger comm="systemd" exe="/init" hostname=? addr=? terminal=? res=success'
Jan 06 14:38:25 archlinux kernel: audit: type=1130 audit(1673012305.423:4): pid=1 uid=0 auid=4294967295 ses=4294967295 msg='unit=systemd-udev-trigger comm="systemd" exe="/init" hostname=? addr=? terminal=? res=success'
Jan 06 14:38:25 archlinux kernel: xhci_hcd 0000:02:00.0: xHCI Host Controller
Jan 06 14:38:25 archlinux kernel: xhci_hcd 0000:02:00.0: new USB bus registered, assigned bus number 1
Jan 06 14:38:25 archlinux kernel: cryptd: max_cpu_qlen set to 1000
Jan 06 14:38:25 archlinux kernel: ccp 0000:0d:00.1: enabling device (0000 -> 0002)
Jan 06 14:38:25 archlinux kernel: ccp 0000:0d:00.1: ccp: unable to access the device: you might be running a broken BIOS.
Jan 06 14:38:25 archlinux kernel: ccp 0000:0d:00.1: psp enabled
Jan 06 14:38:25 archlinux kernel: AVX2 version of gcm_enc/dec engaged.
Jan 06 14:38:25 archlinux kernel: AES CTR mode by8 optimization enabled
Jan 06 14:38:25 archlinux kernel: nvme nvme0: pci function 0000:01:00.0
Jan 06 14:38:25 archlinux kernel: nvme nvme1: pci function 0000:08:00.0
Jan 06 14:38:25 archlinux kernel: nvme nvme0: missing or invalid SUBNQN field.
Jan 06 14:38:25 archlinux kernel: nvme nvme0: Shutdown timeout set to 8 seconds
Jan 06 14:38:25 archlinux kernel: nvme nvme1: 32/0/0 default/read/poll queues
Jan 06 14:38:25 archlinux kernel:  nvme1n1: p1 p2 p3 p4
Jan 06 14:38:25 archlinux kernel: nvme nvme0: 32/0/0 default/read/poll queues
Jan 06 14:38:25 archlinux kernel:  nvme0n1: p1 p2
Jan 06 14:38:25 archlinux kernel: xhci_hcd 0000:02:00.0: hcc params 0x0200ef81 hci version 0x110 quirks 0x0000000000000410
Jan 06 14:38:25 archlinux kernel: xhci_hcd 0000:02:00.0: xHCI Host Controller
Jan 06 14:38:25 archlinux kernel: xhci_hcd 0000:02:00.0: new USB bus registered, assigned bus number 2
Jan 06 14:38:25 archlinux kernel: xhci_hcd 0000:02:00.0: Host supports USB 3.1 Enhanced SuperSpeed
Jan 06 14:38:25 archlinux kernel: usb usb1: New USB device found, idVendor=1d6b, idProduct=0002, bcdDevice= 6.01
Jan 06 14:38:25 archlinux kernel: usb usb1: New USB device strings: Mfr=3, Product=2, SerialNumber=1
Jan 06 14:38:25 archlinux kernel: usb usb1: Product: xHCI Host Controller
Jan 06 14:38:25 archlinux kernel: usb usb1: Manufacturer: Linux 6.1.2-zen1-1-zen xhci-hcd
Jan 06 14:38:25 archlinux kernel: usb usb1: SerialNumber: 0000:02:00.0
Jan 06 14:38:25 archlinux kernel: hub 1-0:1.0: USB hub found
Jan 06 14:38:25 archlinux kernel: hub 1-0:1.0: 14 ports detected
Jan 06 14:38:25 archlinux systemd[1]: Found device Samsung SSD 970 EVO 1TB Linux\x20filesystem.
Jan 06 14:38:25 archlinux kernel: usb usb2: We don't know the algorithms for LPM for this host, disabling LPM.
Jan 06 14:38:25 archlinux kernel: usb usb2: New USB device found, idVendor=1d6b, idProduct=0003, bcdDevice= 6.01
Jan 06 14:38:25 archlinux kernel: usb usb2: New USB device strings: Mfr=3, Product=2, SerialNumber=1
Jan 06 14:38:25 archlinux kernel: usb usb2: Product: xHCI Host Controller
Jan 06 14:38:25 archlinux kernel: usb usb2: Manufacturer: Linux 6.1.2-zen1-1-zen xhci-hcd
Jan 06 14:38:25 archlinux kernel: usb usb2: SerialNumber: 0000:02:00.0
Jan 06 14:38:25 archlinux kernel: hub 2-0:1.0: USB hub found
Jan 06 14:38:25 archlinux kernel: hub 2-0:1.0: 8 ports detected
Jan 06 14:38:25 archlinux kernel: usb: port power management may be unreliable
Jan 06 14:38:25 archlinux kernel: xhci_hcd 0000:05:00.0: xHCI Host Controller
Jan 06 14:38:25 archlinux kernel: xhci_hcd 0000:05:00.0: new USB bus registered, assigned bus number 3
Jan 06 14:38:25 archlinux systemd[1]: Starting Cryptography Setup for luks...
Jan 06 14:38:25 archlinux kernel: device-mapper: uevent: version 1.0.3
Jan 06 14:38:25 archlinux kernel: device-mapper: ioctl: 4.47.0-ioctl (2022-07-28) initialised: dm-devel@redhat.com
Jan 06 14:38:25 archlinux systemd[1]: Started Dispatch Password Requests to Console.
Jan 06 14:38:25 archlinux audit[1]: SERVICE_START pid=1 uid=0 auid=4294967295 ses=4294967295 msg='unit=systemd-ask-password-console comm="systemd" exe="/init" hostname=? addr=? terminal=? res=success'
Jan 06 14:38:25 archlinux kernel: audit: type=1130 audit(1673012305.525:5): pid=1 uid=0 auid=4294967295 ses=4294967295 msg='unit=systemd-ask-password-console comm="systemd" exe="/init" hostname=? addr=? terminal=? res=success'
Jan 06 14:38:25 archlinux systemd-tty-ask-password-agent[502]: Starting password query on /dev/tty1.
Jan 06 14:38:25 archlinux kernel: xhci_hcd 0000:05:00.0: hcc params 0x0200eec0 hci version 0x110 quirks 0x0000000000800010
Jan 06 14:38:25 archlinux kernel: xhci_hcd 0000:05:00.0: xHCI Host Controller
Jan 06 14:38:25 archlinux kernel: xhci_hcd 0000:05:00.0: new USB bus registered, assigned bus number 4
Jan 06 14:38:25 archlinux kernel: xhci_hcd 0000:05:00.0: Host supports USB 3.1 Enhanced SuperSpeed
Jan 06 14:38:25 archlinux kernel: usb usb3: New USB device found, idVendor=1d6b, idProduct=0002, bcdDevice= 6.01
Jan 06 14:38:25 archlinux kernel: usb usb3: New USB device strings: Mfr=3, Product=2, SerialNumber=1
Jan 06 14:38:25 archlinux kernel: usb usb3: Product: xHCI Host Controller
Jan 06 14:38:25 archlinux kernel: usb usb3: Manufacturer: Linux 6.1.2-zen1-1-zen xhci-hcd
Jan 06 14:38:25 archlinux kernel: usb usb3: SerialNumber: 0000:05:00.0
Jan 06 14:38:25 archlinux kernel: hub 3-0:1.0: USB hub found
Jan 06 14:38:25 archlinux kernel: hub 3-0:1.0: 2 ports detected
Jan 06 14:38:25 archlinux kernel: usb usb4: We don't know the algorithms for LPM for this host, disabling LPM.
Jan 06 14:38:25 archlinux kernel: usb usb4: New USB device found, idVendor=1d6b, idProduct=0003, bcdDevice= 6.01
Jan 06 14:38:25 archlinux kernel: usb usb4: New USB device strings: Mfr=3, Product=2, SerialNumber=1
Jan 06 14:38:25 archlinux kernel: usb usb4: Product: xHCI Host Controller
Jan 06 14:38:25 archlinux kernel: usb usb4: Manufacturer: Linux 6.1.2-zen1-1-zen xhci-hcd
Jan 06 14:38:25 archlinux kernel: usb usb4: SerialNumber: 0000:05:00.0
Jan 06 14:38:25 archlinux kernel: hub 4-0:1.0: USB hub found
Jan 06 14:38:25 archlinux kernel: hub 4-0:1.0: 2 ports detected
Jan 06 14:38:25 archlinux kernel: xhci_hcd 0000:0d:00.3: xHCI Host Controller
Jan 06 14:38:25 archlinux kernel: xhci_hcd 0000:0d:00.3: new USB bus registered, assigned bus number 5
Jan 06 14:38:25 archlinux kernel: xhci_hcd 0000:0d:00.3: hcc params 0x0278ffe5 hci version 0x110 quirks 0x0000000000000410
Jan 06 14:38:25 archlinux kernel: xhci_hcd 0000:0d:00.3: xHCI Host Controller
Jan 06 14:38:25 archlinux kernel: xhci_hcd 0000:0d:00.3: new USB bus registered, assigned bus number 6
Jan 06 14:38:25 archlinux kernel: xhci_hcd 0000:0d:00.3: Host supports USB 3.1 Enhanced SuperSpeed
Jan 06 14:38:25 archlinux kernel: usb usb5: New USB device found, idVendor=1d6b, idProduct=0002, bcdDevice= 6.01
Jan 06 14:38:25 archlinux kernel: usb usb5: New USB device strings: Mfr=3, Product=2, SerialNumber=1
Jan 06 14:38:25 archlinux kernel: usb usb5: Product: xHCI Host Controller
Jan 06 14:38:25 archlinux kernel: usb usb5: Manufacturer: Linux 6.1.2-zen1-1-zen xhci-hcd
Jan 06 14:38:25 archlinux kernel: usb usb5: SerialNumber: 0000:0d:00.3
Jan 06 14:38:25 archlinux kernel: hub 5-0:1.0: USB hub found
Jan 06 14:38:25 archlinux kernel: hub 5-0:1.0: 4 ports detected
Jan 06 14:38:25 archlinux kernel: usb usb6: We don't know the algorithms for LPM for this host, disabling LPM.
Jan 06 14:38:25 archlinux kernel: usb usb6: New USB device found, idVendor=1d6b, idProduct=0003, bcdDevice= 6.01
Jan 06 14:38:25 archlinux kernel: usb usb6: New USB device strings: Mfr=3, Product=2, SerialNumber=1
Jan 06 14:38:25 archlinux kernel: usb usb6: Product: xHCI Host Controller
Jan 06 14:38:25 archlinux kernel: usb usb6: Manufacturer: Linux 6.1.2-zen1-1-zen xhci-hcd
Jan 06 14:38:25 archlinux kernel: usb usb6: SerialNumber: 0000:0d:00.3
Jan 06 14:38:25 archlinux kernel: hub 6-0:1.0: USB hub found
Jan 06 14:38:25 archlinux kernel: hub 6-0:1.0: 4 ports detected
Jan 06 14:38:25 archlinux kernel: usb 1-4: new full-speed USB device number 2 using xhci_hcd
Jan 06 14:38:25 archlinux kernel: usb 5-1: new full-speed USB device number 2 using xhci_hcd
Jan 06 14:38:25 archlinux kernel: usb 3-1: new high-speed USB device number 2 using xhci_hcd
Jan 06 14:38:25 archlinux kernel: usb 5-1: New USB device found, idVendor=256c, idProduct=006e, bcdDevice= 0.00
Jan 06 14:38:25 archlinux kernel: usb 5-1: New USB device strings: Mfr=5, Product=6, SerialNumber=0
Jan 06 14:38:25 archlinux kernel: usb 5-1: Product: Tablet Monitor
Jan 06 14:38:25 archlinux kernel: hid-generic 0003:256C:006E.0001: hiddev96,hidraw0: USB HID v1.11 Device [Tablet Monitor] on usb-0000:0d:00.3-1/input0
Jan 06 14:38:25 archlinux kernel: input: Tablet Monitor as /devices/pci0000:00/0000:00:08.1/0000:0d:00.3/usb5/5-1/5-1:1.1/0003:256C:006E.0002/input/input2
Jan 06 14:38:25 archlinux kernel: hid-generic 0003:256C:006E.0002: input,hidraw1: USB HID v1.11 Device [Tablet Monitor] on usb-0000:0d:00.3-1/input1
Jan 06 14:38:25 archlinux kernel: usbcore: registered new interface driver usbhid
Jan 06 14:38:25 archlinux kernel: usbhid: USB HID core driver
Jan 06 14:38:26 archlinux kernel: input: Tablet Monitor Pen as /devices/pci0000:00/0000:00:08.1/0000:0d:00.3/usb5/5-1/5-1:1.0/0003:256C:006E.0001/input/input3
Jan 06 14:38:26 archlinux kernel: input: Tablet Monitor Pad as /devices/pci0000:00/0000:00:08.1/0000:0d:00.3/usb5/5-1/5-1:1.0/0003:256C:006E.0001/input/input4
Jan 06 14:38:26 archlinux kernel: input: Tablet Monitor Touch Strip as /devices/pci0000:00/0000:00:08.1/0000:0d:00.3/usb5/5-1/5-1:1.0/0003:256C:006E.0001/input/input5
Jan 06 14:38:26 archlinux kernel: input: Tablet Monitor Dial as /devices/pci0000:00/0000:00:08.1/0000:0d:00.3/usb5/5-1/5-1:1.0/0003:256C:006E.0001/input/input6
Jan 06 14:38:26 archlinux kernel: uclogic 0003:256C:006E.0001: input,hiddev96,hidraw0: USB HID v1.11 Keypad [Tablet Monitor] on usb-0000:0d:00.3-1/input0
Jan 06 14:38:26 archlinux kernel: uclogic 0003:256C:006E.0002: No inputs registered, leaving
Jan 06 14:38:26 archlinux kernel: uclogic 0003:256C:006E.0002: hidraw1: USB HID v1.11 Device [Tablet Monitor] on usb-0000:0d:00.3-1/input1
Jan 06 14:38:26 archlinux kernel: usb 6-3: new SuperSpeed USB device number 2 using xhci_hcd
Jan 06 14:38:26 archlinux kernel: usb 6-3: New USB device found, idVendor=05e3, idProduct=0626, bcdDevice= 6.55
Jan 06 14:38:26 archlinux kernel: usb 6-3: New USB device strings: Mfr=1, Product=2, SerialNumber=0
Jan 06 14:38:26 archlinux kernel: usb 6-3: Product: USB3.1 Hub
Jan 06 14:38:26 archlinux kernel: usb 6-3: Manufacturer: GenesysLogic
Jan 06 14:38:26 archlinux kernel: hub 6-3:1.0: USB hub found
Jan 06 14:38:26 archlinux kernel: hub 6-3:1.0: 4 ports detected
